Component: ARM Compiler 5.06 update 6 (build 750) Tool: armlink [4d35ed]

==============================================================================

Section Cross References

    main.o(.text) refers to printfa.o(i.__0printf) for __2printf
    main.o(.text) refers to stm32f10x_gpio.o(.text) for GPIO_ResetBits
    main.o(.text) refers to delay.o(.text) for delay_ms
    main.o(.text) refers to sim900a.o(.text) for sim900a_send_cmd_tou_data
    main.o(.text) refers to stm32f10x_usart.o(.text) for USART_SendData
    main.o(.text) refers to misc.o(.text) for NVIC_PriorityGroupConfig
    main.o(.text) refers to usart.o(.text) for uart_init
    main.o(.text) refers to led.o(.text) for LED_Init
    main.o(.text) refers to usart2.o(.text) for USART2_Init
    main.o(.text) refers to usart3.o(.text) for USART3_Init
    main.o(.text) refers to usart4.o(.text) for USART4_Init
    main.o(.text) refers to lcd_u4.o(.text) for send_cmd_to_lcd_pic
    main.o(.text) refers to timer.o(.text) for TIM5_Int_Init
    system_stm32f10x.o(.text) refers to system_stm32f10x.o(.data) for SystemCoreClock
    md5.o(.text) refers to memcpya.o(.text) for __aeabi_memcpy
    md5.o(.text) refers to md5.o(.data) for PADDING
    led.o(.text) refers to stm32f10x_rcc.o(.text) for RCC_APB2PeriphClockCmd
    led.o(.text) refers to stm32f10x_gpio.o(.text) for GPIO_Init
    key.o(.text) refers to stm32f10x_rcc.o(.text) for RCC_APB2PeriphClockCmd
    key.o(.text) refers to stm32f10x_gpio.o(.text) for GPIO_PinRemapConfig
    key.o(.text) refers to delay.o(.text) for delay_ms
    key.o(.text) refers to key.o(.data) for key_up
    lcd.o(.text) refers to delay.o(.text) for delay_us
    lcd.o(.text) refers to lcd.o(.bss) for lcddev
    lcd.o(.text) refers to dfltui.o(.text) for __aeabi_ui2d
    lcd.o(.text) refers to dmul.o(.text) for __aeabi_dmul
    lcd.o(.text) refers to dfixui.o(.text) for __aeabi_d2uiz
    lcd.o(.text) refers to lcd.o(.data) for POINT_COLOR
    lcd.o(.text) refers to stm32f10x_rcc.o(.text) for RCC_APB2PeriphClockCmd
    lcd.o(.text) refers to stm32f10x_gpio.o(.text) for GPIO_PinRemapConfig
    lcd.o(.text) refers to printfa.o(i.__0printf) for __2printf
    lcd.o(.text) refers to lcd.o(.constdata) for asc2_1206
    spi.o(.text) refers to stm32f10x_spi.o(.text) for SPI_I2S_GetFlagStatus
    spi.o(.text) refers to stm32f10x_rcc.o(.text) for RCC_APB2PeriphClockCmd
    spi.o(.text) refers to stm32f10x_gpio.o(.text) for GPIO_Init
    spi.o(.text) refers to spi.o(.bss) for SPI_InitStructure
    flash.o(.text) refers to spi.o(.text) for SPI1_ReadWriteByte
    flash.o(.text) refers to stm32f10x_rcc.o(.text) for RCC_APB2PeriphClockCmd
    flash.o(.text) refers to stm32f10x_gpio.o(.text) for GPIO_Init
    flash.o(.text) refers to malloc.o(.text) for mymalloc
    flash.o(.text) refers to delay.o(.text) for delay_us
    flash.o(.text) refers to flash.o(.data) for SPI_FLASH_TYPE
    mmc_sd.o(.text) refers to spi.o(.text) for SPI1_ReadWriteByte
    mmc_sd.o(.text) refers to stm32f10x_rcc.o(.text) for RCC_APB2PeriphClockCmd
    mmc_sd.o(.text) refers to stm32f10x_gpio.o(.text) for GPIO_Init
    mmc_sd.o(.text) refers to mmc_sd.o(.data) for SD_Type
    myiic.o(.text) refers to stm32f10x_rcc.o(.text) for RCC_APB2PeriphClockCmd
    myiic.o(.text) refers to stm32f10x_gpio.o(.text) for GPIO_Init
    myiic.o(.text) refers to delay.o(.text) for delay_us
    24cxx.o(.text) refers to myiic.o(.text) for IIC_Init
    24cxx.o(.text) refers to delay.o(.text) for delay_ms
    touch.o(.text) refers to delay.o(.text) for delay_us
    touch.o(.text) refers to lcd.o(.text) for LCD_DrawLine
    touch.o(.text) refers to fflti.o(.text) for __aeabi_i2f
    touch.o(.text) refers to ffltui.o(.text) for __aeabi_ui2f
    touch.o(.text) refers to fmul.o(.text) for __aeabi_fmul
    touch.o(.text) refers to fadd.o(.text) for __aeabi_fadd
    touch.o(.text) refers to ffixui.o(.text) for __aeabi_f2uiz
    touch.o(.text) refers to ffixi.o(.text) for __aeabi_f2iz
    touch.o(.text) refers to 24cxx.o(.text) for AT24CXX_WriteLenByte
    touch.o(.text) refers to touch.o(.data) for CMD_RDX
    touch.o(.text) refers to lcd.o(.data) for POINT_COLOR
    touch.o(.text) refers to fdiv.o(.text) for __aeabi_fdiv
    touch.o(.text) refers to dfltui.o(.text) for __aeabi_ui2d
    touch.o(.text) refers to sqrt.o(i.sqrt) for sqrt
    touch.o(.text) refers to dfixui.o(.text) for __aeabi_d2uiz
    touch.o(.text) refers to lcd.o(.bss) for lcddev
    touch.o(.text) refers to touch.o(.constdata) for TP_ADJDIS_TBL
    touch.o(.text) refers to f2d.o(.text) for __aeabi_f2d
    touch.o(.text) refers to cdcmple.o(.text) for __aeabi_cdcmple
    touch.o(.text) refers to cdrcmple.o(.text) for __aeabi_cdrcmple
    touch.o(.text) refers to gt9147.o(.text) for GT9147_Init
    touch.o(.text) refers to ott2001a.o(.text) for OTT2001A_Init
    touch.o(.text) refers to ft5206.o(.text) for FT5206_Init
    touch.o(.text) refers to stm32f10x_rcc.o(.text) for RCC_APB2PeriphClockCmd
[...]
    LCD_RD_DATA                              0x08001191   Thumb Code    98  lcd.o(.text)
    LCD_WriteReg                             0x080011f3   Thumb Code    40  lcd.o(.text)
    LCD_ReadReg                              0x0800121b   Thumb Code    16  lcd.o(.text)
    LCD_WriteRAM_Prepare                     0x0800122b   Thumb Code    12  lcd.o(.text)
    LCD_WriteRAM                             0x08001237   Thumb Code    28  lcd.o(.text)
    LCD_BGR2RGB                              0x08001253   Thumb Code    26  lcd.o(.text)
    opt_delay                                0x0800126d   Thumb Code    14  lcd.o(.text)
    LCD_SetCursor                            0x0800127b   Thumb Code   956  lcd.o(.text)
    LCD_ReadPoint                            0x08001637   Thumb Code   506  lcd.o(.text)
    LCD_DisplayOn                            0x08001831   Thumb Code    92  lcd.o(.text)
    LCD_DisplayOff                           0x0800188d   Thumb Code    90  lcd.o(.text)
    LCD_Scan_Dir                             0x080018e7   Thumb Code  1126  lcd.o(.text)
    LCD_DrawPoint                            0x08001d4d   Thumb Code    52  lcd.o(.text)
    LCD_Fast_DrawPoint                       0x08001d81   Thumb Code   854  lcd.o(.text)
    LCD_SSD_BackLightSet                     0x080020d7   Thumb Code   220  lcd.o(.text)
    LCD_Display_Dir                          0x080021b3   Thumb Code   444  lcd.o(.text)
    LCD_Set_Window                           0x0800236f   Thumb Code  1078  lcd.o(.text)
    LCD_Clear                                0x080027a5   Thumb Code   122  lcd.o(.text)
    LCD_Init                                 0x0800281f   Thumb Code 15298  lcd.o(.text)
    LCD_Fill                                 0x080063e1   Thumb Code   200  lcd.o(.text)
    LCD_Color_Fill                           0x080064a9   Thumb Code   116  lcd.o(.text)
    LCD_DrawLine                             0x0800651d   Thumb Code   176  lcd.o(.text)
    LCD_DrawRectangle                        0x080065cd   Thumb Code    60  lcd.o(.text)
    LCD_Draw_Circle                          0x08006609   Thumb Code   152  lcd.o(.text)
    LCD_ShowChar                             0x080066a1   Thumb Code   272  lcd.o(.text)
    LCD_Pow                                  0x080067b1   Thumb Code    22  lcd.o(.text)
    LCD_ShowNum                              0x080067c7   Thumb Code   180  lcd.o(.text)
    LCD_ShowxNum                             0x0800687b   Thumb Code   190  lcd.o(.text)
    LCD_ShowString                           0x08006939   Thumb Code   102  lcd.o(.text)
    SPI1_ReadWriteByte                       0x080069a1   Thumb Code    78  spi.o(.text)
    SPI1_Init                                0x080069ef   Thumb Code   108  spi.o(.text)
    SPI1_SetSpeed                            0x08006a5b   Thumb Code    34  spi.o(.text)
    SPI_USART_IO_SET                         0x08006a89   Thumb Code    82  flash.o(.text)
    SPI_Flash_ReadID                         0x08006adb   Thumb Code    64  flash.o(.text)
    SPI_Flash_Init                           0x08006b1b   Thumb Code    64  flash.o(.text)
    SPI_Flash_ReadSR                         0x08006b5b   Thumb Code    36  flash.o(.text)
    SPI_FLASH_Write_SR                       0x08006b7f   Thumb Code    32  flash.o(.text)
    SPI_FLASH_Write_Enable                   0x08006b9f   Thumb Code    24  flash.o(.text)
    SPI_FLASH_Write_Disable                  0x08006bb7   Thumb Code    24  flash.o(.text)
    SPI_Flash_Read                           0x08006bcf   Thumb Code    84  flash.o(.text)
    SPI_Flash_Wait_Busy                      0x08006c23   Thumb Code    18  flash.o(.text)
    SPI_Flash_Write_Page                     0x08006c35   Thumb Code    80  flash.o(.text)
    SPI_Flash_Write_NoCheck                  0x08006c85   Thumb Code    70  flash.o(.text)
    SPI_Flash_Erase_Sector                   0x08006ccb   Thumb Code    62  flash.o(.text)
    SPI_Flash_Write                          0x08006d09   Thumb Code   208  flash.o(.text)
    SPI_Flash_Erase_Chip                     0x08006dd9   Thumb Code    36  flash.o(.text)
    SPI_Flash_PowerDown                      0x08006dfd   Thumb Code    30  flash.o(.text)
    SPI_Flash_WAKEUP                         0x08006e1b   Thumb Code    30  flash.o(.text)
    IIC_Init                                 0x08006e49   Thumb Code    52  myiic.o(.text)
    IIC_Start                                0x08006e7d   Thumb Code    68  myiic.o(.text)
    IIC_Stop                                 0x08006ec1   Thumb Code    62  myiic.o(.text)
    IIC_Wait_Ack                             0x08006eff   Thumb Code    86  myiic.o(.text)
    IIC_Ack                                  0x08006f55   Thumb Code    66  myiic.o(.text)
    IIC_NAck                                 0x08006f97   Thumb Code    66  myiic.o(.text)
    IIC_Send_Byte                            0x08006fd9   Thumb Code    90  myiic.o(.text)
    IIC_Read_Byte                            0x08007033   Thumb Code    98  myiic.o(.text)
    AT24CXX_Init                             0x080070a1   Thumb Code     8  24cxx.o(.text)
    AT24CXX_ReadOneByte                      0x080070a9   Thumb Code    88  24cxx.o(.text)
    AT24CXX_WriteOneByte                     0x08007101   Thumb Code    80  24cxx.o(.text)
    AT24CXX_WriteLenByte                     0x08007151   Thumb Code    42  24cxx.o(.text)
    AT24CXX_ReadLenByte                      0x0800717b   Thumb Code    44  24cxx.o(.text)
    AT24CXX_Check                            0x080071a7   Thumb Code    46  24cxx.o(.text)
    AT24CXX_Read                             0x080071d5   Thumb Code    34  24cxx.o(.text)
    AT24CXX_Write                            0x080071f7   Thumb Code    36  24cxx.o(.text)
    TP_Write_Byte                            0x0800721d   Thumb Code    56  touch.o(.text)
    TP_Read_AD                               0x08007255   Thumb Code   132  touch.o(.text)
    TP_Read_XOY                              0x080072d9   Thumb Code   120  touch.o(.text)
    TP_Read_XY                               0x08007351   Thumb Code    38  touch.o(.text)
    TP_Read_XY2                              0x08007377   Thumb Code   192  touch.o(.text)
    TP_Drow_Touch_Point                      0x08007437   Thumb Code   108  touch.o(.text)
    TP_Draw_Big_Point                        0x080074a3   Thumb Code    54  touch.o(.text)
    TP_Scan                                  0x080074d9   Thumb Code   264  touch.o(.text)
    TP_Save_Adjdata                          0x080075e1   Thumb Code   146  touch.o(.text)
    TP_Get_Adjdata                           0x08007673   Thumb Code   152  touch.o(.text)
    TP_Adj_Info_Show                         0x0800770b   Thumb Code   376  touch.o(.text)
    TP_Adjust                                0x08007883   Thumb Code  1250  touch.o(.text)
    TP_Init                                  0x08007d65   Thumb Code   348  touch.o(.text)
    CT_Delay                                 0x08007ec1   Thumb Code    10  ctiic.o(.text)
    CT_IIC_Init                              0x08007ecb   Thumb Code    62  ctiic.o(.text)
    CT_IIC_Start                             0x08007f09   Thumb Code    60  ctiic.o(.text)
    CT_IIC_Stop                              0x08007f45   Thumb Code    64  ctiic.o(.text)
    CT_IIC_Wait_Ack                          0x08007f85   Thumb Code    86  ctiic.o(.text)
    CT_IIC_Ack                               0x08007fdb   Thumb Code    66  ctiic.o(.text)
    CT_IIC_NAck                              0x0800801d   Thumb Code    66  ctiic.o(.text)
    CT_IIC_Send_Byte                         0x0800805f   Thumb Code    82  ctiic.o(.text)
    CT_IIC_Read_Byte                         0x080080b1   Thumb Code    94  ctiic.o(.text)
    OTT2001A_WR_Reg                          0x08008121   Thumb Code    92  ott2001a.o(.text)
    OTT2001A_RD_Reg                          0x0800817d   Thumb Code    98  ott2001a.o(.text)
    OTT2001A_SensorControl                   0x080081df   Thumb Code    28  ott2001a.o(.text)
    OTT2001A_Init                            0x080081fb   Thumb Code   156  ott2001a.o(.text)
    OTT2001A_Scan                            0x08008297   Thumb Code   446  ott2001a.o(.text)
    TIM4_Set                                 0x0800848d   Thumb Code    34  usart2.o(.text)
    USART2_IRQHandler                        0x080084af   Thumb Code    84  usart2.o(.text)
    TIM4_Init                                0x08008503   Thumb Code    82  usart2.o(.text)
    UART_DMA_Config                          0x08008555   Thumb Code    72  usart2.o(.text)
    USART2_Init                              0x0800859d   Thumb Code   204  usart2.o(.text)
    UART_DMA_Enable                          0x08008669   Thumb Code    32  usart2.o(.text)
    u2_printf                                0x08008689   Thumb Code    56  usart2.o(.text)
    TIM4_IRQHandler                          0x080086c1   Thumb Code    40  usart2.o(.text)
    FT5206_WR_Reg                            0x08008705   Thumb Code    82  ft5206.o(.text)
    FT5206_RD_Reg                            0x08008757   Thumb Code    88  ft5206.o(.text)
    FT5206_Init                              0x080087af   Thumb Code   214  ft5206.o(.text)
    FT5206_Scan                              0x08008885   Thumb Code   400  ft5206.o(.text)
    GT9147_WR_Reg                            0x08008a39   Thumb Code    92  gt9147.o(.text)
    GT9147_Send_Cfg                          0x08008a95   Thumb Code    86  gt9147.o(.text)
    GT9147_RD_Reg                            0x08008aeb   Thumb Code    98  gt9147.o(.text)
    GT9147_Init                              0x08008b4d   Thumb Code   242  gt9147.o(.text)
    GT9147_Scan                              0x08008c3f   Thumb Code   408  gt9147.o(.text)
    TIM3_Set                                 0x08008e2f   Thumb Code    34  usart3.o(.text)
    USART3_IRQHandler                        0x08008e51   Thumb Code    84  usart3.o(.text)
    TIM3_Init                                0x08008ea5   Thumb Code    78  usart3.o(.text)
    USART3_Init                              0x08008ef3   Thumb Code   184  usart3.o(.text)
    TIM3_IRQHandler                          0x08008fab   Thumb Code    40  usart3.o(.text)
    spear_uart3_send_datas                   0x08008fd3   Thumb Code    44  usart3.o(.text)
    lock_at_response                         0x08008fff   Thumb Code   118  usart3.o(.text)
    TIM2_Set                                 0x080090f9   Thumb Code    38  usart4.o(.text)
    UART4_IRQHandler                         0x0800911f   Thumb Code    86  usart4.o(.text)
    TIM2_Init                                0x08009175   Thumb Code    84  usart4.o(.text)
    USART4_Init                              0x080091c9   Thumb Code   184  usart4.o(.text)
    TIM2_IRQHandler                          0x08009281   Thumb Code    40  usart4.o(.text)
    spear_uart_send_datas                    0x080092a9   Thumb Code    42  usart4.o(.text)
    debug_uart4_send_datas                   0x080092d3   Thumb Code    42  usart4.o(.text)
    uart4_send_datas                         0x080092fd   Thumb Code    44  usart4.o(.text)
    cJSON_GetErrorPtr                        0x0800936d   Thumb Code    12  cjson.o(.text)
    cJSON_IsString                           0x08009379   Thumb Code    22  cjson.o(.text)
    cJSON_GetStringValue                     0x0800938f   Thumb Code    20  cjson.o(.text)
    cJSON_Version                            0x080093a3   Thumb Code    22  cjson.o(.text)
    cJSON_InitHooks                          0x08009439   Thumb Code    82  cjson.o(.text)
    cJSON_Delete                             0x080094a5   Thumb Code    84  cjson.o(.text)
    cJSON_SetNumberHelper                    0x08009627   Thumb Code    72  cjson.o(.text)
    cJSON_ParseWithOpts                      0x0800a0e3   Thumb Code   204  cjson.o(.text)
    cJSON_Parse                              0x0800a1af   Thumb Code    16  cjson.o(.text)
    cJSON_Print                              0x0800a593   Thumb Code    16  cjson.o(.text)
    cJSON_PrintUnformatted                   0x0800a5a3   Thumb Code    16  cjson.o(.text)
    cJSON_PrintBuffered                      0x0800a5b3   Thumb Code    90  cjson.o(.text)
    cJSON_PrintPreallocated                  0x0800a60d   Thumb Code    64  cjson.o(.text)
    cJSON_GetArraySize                       0x0800a64d   Thumb Code    28  cjson.o(.text)
    cJSON_GetArrayItem                       0x0800a687   Thumb Code    24  cjson.o(.text)
    cJSON_GetObjectItem                      0x0800a6f1   Thumb Code    18  cjson.o(.text)
    cJSON_GetObjectItemCaseSensitive         0x0800a703   Thumb Code    18  cjson.o(.text)
    cJSON_HasObjectItem                      0x0800a715   Thumb Code    24  cjson.o(.text)
    cJSON_AddItemToArray                     0x0800a79d   Thumb Code    16  cjson.o(.text)
    cJSON_AddItemToObject                    0x0800a825   Thumb Code    26  cjson.o(.text)
    cJSON_AddItemToObjectCS                  0x0800a83f   Thumb Code    26  cjson.o(.text)
    cJSON_AddItemReferenceToArray            0x0800a859   Thumb Code    32  cjson.o(.text)
    cJSON_AddItemReferenceToObject           0x0800a879   Thumb Code    44  cjson.o(.text)
    cJSON_CreateNull                         0x0800a8a5   Thumb Code    20  cjson.o(.text)
    cJSON_AddNullToObject                    0x0800a8b9   Thumb Code    44  cjson.o(.text)
    cJSON_CreateTrue                         0x0800a8e5   Thumb Code    20  cjson.o(.text)
    cJSON_AddTrueToObject                    0x0800a8f9   Thumb Code    44  cjson.o(.text)
    cJSON_CreateFalse                        0x0800a925   Thumb Code    20  cjson.o(.text)
    cJSON_AddFalseToObject                   0x0800a939   Thumb Code    44  cjson.o(.text)
    cJSON_CreateBool                         0x0800a965   Thumb Code    32  cjson.o(.text)
    cJSON_AddBoolToObject                    0x0800a985   Thumb Code    48  cjson.o(.text)
    cJSON_CreateNumber                       0x0800a9b5   Thumb Code    82  cjson.o(.text)
    cJSON_AddNumberToObject                  0x0800aa07   Thumb Code    56  cjson.o(.text)
    cJSON_CreateString                       0x0800aa3f   Thumb Code    46  cjson.o(.text)
    cJSON_AddStringToObject                  0x0800aa6d   Thumb Code    48  cjson.o(.text)
    cJSON_CreateRaw                          0x0800aa9d   Thumb Code    46  cjson.o(.text)
    cJSON_AddRawToObject                     0x0800aacb   Thumb Code    48  cjson.o(.text)
    cJSON_CreateObject                       0x0800aafb   Thumb Code    20  cjson.o(.text)
    cJSON_AddObjectToObject                  0x0800ab0f   Thumb Code    44  cjson.o(.text)
    cJSON_CreateArray                        0x0800ab3b   Thumb Code    20  cjson.o(.text)
    cJSON_AddArrayToObject                   0x0800ab4f   Thumb Code    44  cjson.o(.text)
    cJSON_DetachItemViaPointer               0x0800ab7b   Thumb Code    50  cjson.o(.text)
    cJSON_DetachItemFromArray                0x0800abad   Thumb Code    34  cjson.o(.text)
    cJSON_DeleteItemFromArray                0x0800abcf   Thumb Code    22  cjson.o(.text)
    cJSON_DetachItemFromObject               0x0800abe5   Thumb Code    26  cjson.o(.text)
    cJSON_DetachItemFromObjectCaseSensitive  0x0800abff   Thumb Code    26  cjson.o(.text)
    cJSON_DeleteItemFromObject               0x0800ac19   Thumb Code    22  cjson.o(.text)
    cJSON_DeleteItemFromObjectCaseSensitive  0x0800ac2f   Thumb Code    22  cjson.o(.text)
    cJSON_InsertItemInArray                  0x0800ac45   Thumb Code    68  cjson.o(.text)
    cJSON_ReplaceItemViaPointer              0x0800ac89   Thumb Code    74  cjson.o(.text)
    cJSON_ReplaceItemInArray                 0x0800acd3   Thumb Code    42  cjson.o(.text)
    cJSON_free                               0x0800acfd   Thumb Code    14  cjson.o(.text)
    cJSON_ReplaceItemInObject                0x0800ad5f   Thumb Code    38  cjson.o(.text)
    cJSON_ReplaceItemInObjectCaseSensitive   0x0800ad85   Thumb Code    22  cjson.o(.text)
    cJSON_CreateStringReference              0x0800ad9b   Thumb Code    32  cjson.o(.text)
    cJSON_CreateObjectReference              0x0800adbb   Thumb Code    32  cjson.o(.text)
    cJSON_CreateArrayReference               0x0800addb   Thumb Code    32  cjson.o(.text)
    cJSON_CreateIntArray                     0x0800adfb   Thumb Code   102  cjson.o(.text)
    cJSON_CreateFloatArray                   0x0800ae61   Thumb Code   102  cjson.o(.text)
    cJSON_CreateDoubleArray                  0x0800aec7   Thumb Code   100  cjson.o(.text)
    cJSON_CreateStringArray                  0x0800af2b   Thumb Code    94  cjson.o(.text)
    cJSON_Duplicate                          0x0800af89   Thumb Code   178  cjson.o(.text)
    cJSON_Minify                             0x0800b10b   Thumb Code   158  cjson.o(.text)
    cJSON_IsInvalid                          0x0800b1a9   Thumb Code    20  cjson.o(.text)
    cJSON_IsFalse                            0x0800b1bd   Thumb Code    20  cjson.o(.text)
    cJSON_IsTrue                             0x0800b1d1   Thumb Code    22  cjson.o(.text)
    cJSON_IsBool                             0x0800b1e7   Thumb Code    24  cjson.o(.text)
    cJSON_IsNull                             0x0800b1ff   Thumb Code    22  cjson.o(.text)
    cJSON_IsNumber                           0x0800b215   Thumb Code    22  cjson.o(.text)
    cJSON_IsArray                            0x0800b22b   Thumb Code    22  cjson.o(.text)
    cJSON_IsObject                           0x0800b241   Thumb Code    22  cjson.o(.text)
    cJSON_IsRaw                              0x0800b257   Thumb Code    22  cjson.o(.text)
    cJSON_Compare                            0x0800b26d   Thumb Code   392  cjson.o(.text)
    cJSON_malloc                             0x0800b3f5   Thumb Code    14  cjson.o(.text)
    itoa                                     0x0800b41b   Thumb Code   170  lcd_u4.o(.text)
    ltoa                                     0x0800b4c5   Thumb Code   170  lcd_u4.o(.text)
    HexToStr                                 0x0800b56f   Thumb Code    82  lcd_u4.o(.text)
    StrToHex                                 0x0800b5c1   Thumb Code    80  lcd_u4.o(.text)
    send_cmd_to_lcd_pic                      0x0800b611   Thumb Code   132  lcd_u4.o(.text)
    cjson_to_struct_info_qujianma_opendoor   0x0800b695   Thumb Code   372  lcd_u4.o(.text)
    send_cmd_to_lcd_bl_len                   0x0800b809   Thumb Code   148  lcd_u4.o(.text)
    reset_qujianma_timeout                   0x0800b89d   Thumb Code    62  lcd_u4.o(.text)
    send_cmd_to_lcd_bl                       0x0800b8db   Thumb Code   144  lcd_u4.o(.text)
    shangping_exe                            0x0800b96b   Thumb Code  1730  lcd_u4.o(.text)
    lcd_at_response                          0x0800c02d   Thumb Code  2606  lcd_u4.o(.text)
    ComputXor                                0x0800ca5b   Thumb Code    26  lcd_u4.o(.text)
    send_cmd_to_lock                         0x0800ca75   Thumb Code   140  lcd_u4.o(.text)
    send_cmd_to_lock_all                     0x0800cb01   Thumb Code   128  lcd_u4.o(.text)
    TIM5_Set                                 0x0800cc1b   Thumb Code    34  timer.o(.text)
    TIM5_Int_Init                            0x0800cc3d   Thumb Code    98  timer.o(.text)
    TIM5_IRQHandler                          0x0800cc9f   Thumb Code   166  timer.o(.text)
    IWDG_Init                                0x0800cda7   Thumb Code    36  iwdg.o(.text)
    IWDG_Feed                                0x0800cdcb   Thumb Code     8  iwdg.o(.text)
    delay_init                               0x0800cdd5   Thumb Code    50  delay.o(.text)
    delay_us                                 0x0800ce07   Thumb Code    72  delay.o(.text)
    delay_ms                                 0x0800ce4f   Thumb Code    72  delay.o(.text)
    _sys_exit                                0x0800cea9   Thumb Code     6  usart.o(.text)
    fputc                                    0x0800ceaf   Thumb Code    24  usart.o(.text)
    uart_init                                0x0800cec7   Thumb Code   152  usart.o(.text)
    USART1_IRQHandler                        0x0800cf5f   Thumb Code   122  usart.o(.text)
    Reset_Handler                            0x0800cfe9   Thumb Code     8  startup_stm32f10x_hd.o(.text)
    ADC1_2_IRQHandler                        0x0800d003   Thumb Code     0  startup_stm32f10x_hd.o(.text)
    ADC3_IRQHandler                          0x0800d003   Thumb Code     0  startup_stm32f10x_hd.o(.text)
    CAN1_RX1_IRQHandler                      0x0800d003   Thumb Code     0  startup_stm32f10x_hd.o(.text)
    CAN1_SCE_IRQHandler                      0x0800d003   Thumb Code     0  startup_stm32f10x_hd.o(.text)
    DMA1_Channel1_IRQHandler                 0x0800d003   Thumb Code     0  startup_stm32f10x_hd.o(.text)
    DMA1_Channel2_IRQHandler                 0x0800d003   Thumb Code     0  startup_stm32f10x_hd.o(.text)
    DMA1_Channel3_IRQHandler                 0x0800d003   Thumb Code     0  startup_stm32f10x_hd.o(.text)
    DMA1_Channel4_IRQHandler                 0x0800d003   Thumb Code     0  startup_stm32f10x_hd.o(.text)
    DMA1_Channel5_IRQHandler                 0x0800d003   Thumb Code     0  startup_stm32f10x_hd.o(.text)
    DMA1_Channel6_IRQHandler                 0x0800d003   Thumb Code     0  startup_stm32f10x_hd.o(.text)
    DMA1_Channel7_IRQHandler                 0x0800d003   Thumb Code     0  startup_stm32f10x_hd.o(.text)
    DMA2_Channel1_IRQHandler                 0x0800d003   Thumb Code     0  startup_stm32f10x_hd.o(.text)
    DMA2_Channel2_IRQHandler                 0x0800d003   Thumb Code     0  startup_stm32f10x_hd.o(.text)
    DMA2_Channel3_IRQHandler                 0x0800d003   Thumb Code     0  startup_stm32f10x_hd.o(.text)
    DMA2_Channel4_5_IRQHandler               0x0800d003   Thumb Code     0  startup_stm32f10x_hd.o(.text)
    EXTI0_IRQHandler                         0x0800d003   Thumb Code     0  startup_stm32f10x_hd.o(.text)
    EXTI15_10_IRQHandler                     0x0800d003   Thumb Code     0  startup_stm32f10x_hd.o(.text)
    EXTI1_IRQHandler                         0x0800d003   Thumb Code     0  startup_stm32f10x_hd.o(.text)
    EXTI2_IRQHandler                         0x0800d003   Thumb Code     0  startup_stm32f10x_hd.o(.text)
    EXTI3_IRQHandler                         0x0800d003   Thumb Code     0  startup_stm32f10x_hd.o(.text)
    EXTI4_IRQHandler                         0x0800d003   Thumb Code     0  startup_stm32f10x_hd.o(.text)
    EXTI9_5_IRQHandler                       0x0800d003   Thumb Code     0  startup_stm32f10x_hd.o(.text)
    FLASH_IRQHandler                         0x0800d003   Thumb Code     0  startup_stm32f10x_hd.o(.text)
    FSMC_IRQHandler                          0x0800d003   Thumb Code     0  startup_stm32f10x_hd.o(.text)
    I2C1_ER_IRQHandler                       0x0800d003   Thumb Code     0  startup_stm32f10x_hd.o(.text)
    I2C1_EV_IRQHandler                       0x0800d003   Thumb Code     0  startup_stm32f10x_hd.o(.text)
    I2C2_ER_IRQHandler                       0x0800d003   Thumb Code     0  startup_stm32f10x_hd.o(.text)
    I2C2_EV_IRQHandler                       0x0800d003   Thumb Code     0  startup_stm32f10x_hd.o(.text)
    PVD_IRQHandler                           0x0800d003   Thumb Code     0  startup_stm32f10x_hd.o(.text)
    RCC_IRQHandler                           0x0800d003   Thumb Code     0  startup_stm32f10x_hd.o(.text)
    RTCAlarm_IRQHandler                      0x0800d003   Thumb Code     0  startup_stm32f10x_hd.o(.text)
    RTC_IRQHandler                           0x0800d003   Thumb Code     0  startup_stm32f10x_hd.o(.text)
    SDIO_IRQHandler                          0x0800d003   Thumb Code     0  startup_stm32f10x_hd.o(.text)
    SPI1_IRQHandler                          0x0800d003   Thumb Code     0  startup_stm32f10x_hd.o(.text)
    SPI2_IRQHandler                          0x0800d003   Thumb Code     0  startup_stm32f10x_hd.o(.text)
    SPI3_IRQHandler                          0x0800d003   Thumb Code     0  startup_stm32f10x_hd.o(.text)
    TAMPER_IRQHandler                        0x0800d003   Thumb Code     0  startup_stm32f10x_hd.o(.text)
    TIM1_BRK_IRQHandler                      0x0800d003   Thumb Code     0  startup_stm32f10x_hd.o(.text)
    TIM1_CC_IRQHandler                       0x0800d003   Thumb Code     0  startup_stm32f10x_hd.o(.text)
    TIM1_TRG_COM_IRQHandler                  0x0800d003   Thumb Code     0  startup_stm32f10x_hd.o(.text)
    TIM1_UP_IRQHandler                       0x0800d003   Thumb Code     0  startup_stm32f10x_hd.o(.text)
    TIM6_IRQHandler                          0x0800d003   Thumb Code     0  startup_stm32f10x_hd.o(.text)
    TIM7_IRQHandler                          0x0800d003   Thumb Code     0  startup_stm32f10x_hd.o(.text)
    TIM8_BRK_IRQHandler                      0x0800d003   Thumb Code     0  startup_stm32f10x_hd.o(.text)
    TIM8_CC_IRQHandler                       0x0800d003   Thumb Code     0  startup_stm32f10x_hd.o(.text)
    TIM8_TRG_COM_IRQHandler                  0x0800d003   Thumb Code     0  startup_stm32f10x_hd.o(.text)
    TIM8_UP_IRQHandler                       0x0800d003   Thumb Code     0  startup_stm32f10x_hd.o(.text)
    UART5_IRQHandler                         0x0800d003   Thumb Code     0  startup_stm32f10x_hd.o(.text)
    USBWakeUp_IRQHandler                     0x0800d003   Thumb Code     0  startup_stm32f10x_hd.o(.text)
    USB_HP_CAN1_TX_IRQHandler                0x0800d003   Thumb Code     0  startup_stm32f10x_hd.o(.text)
    USB_LP_CAN1_RX0_IRQHandler               0x0800d003   Thumb Code     0  startup_stm32f10x_hd.o(.text)
    WWDG_IRQHandler                          0x0800d003   Thumb Code     0  startup_stm32f10x_hd.o(.text)
    GPIO_DeInit                              0x0800d00d   Thumb Code   172  stm32f10x_gpio.o(.text)
    GPIO_AFIODeInit                          0x0800d0b9   Thumb Code    20  stm32f10x_gpio.o(.text)
    GPIO_Init                                0x0800d0cd   Thumb Code   278  stm32f10x_gpio.o(.text)
    GPIO_StructInit                          0x0800d1e3   Thumb Code    16  stm32f10x_gpio.o(.text)
    GPIO_ReadInputDataBit                    0x0800d1f3   Thumb Code    18  stm32f10x_gpio.o(.text)
    GPIO_ReadInputData                       0x0800d205   Thumb Code     8  stm32f10x_gpio.o(.text)
    GPIO_ReadOutputDataBit                   0x0800d20d   Thumb Code    18  stm32f10x_gpio.o(.text)
    GPIO_ReadOutputData                      0x0800d21f   Thumb Code     8  stm32f10x_gpio.o(.text)
    GPIO_SetBits                             0x0800d227   Thumb Code     4  stm32f10x_gpio.o(.text)
    GPIO_ResetBits                           0x0800d22b   Thumb Code     4  stm32f10x_gpio.o(.text)
    GPIO_WriteBit                            0x0800d22f   Thumb Code    10  stm32f10x_gpio.o(.text)
    GPIO_Write                               0x0800d239   Thumb Code     4  stm32f10x_gpio.o(.text)
    GPIO_PinLockConfig                       0x0800d23d   Thumb Code    18  stm32f10x_gpio.o(.text)
    GPIO_EventOutputConfig                   0x0800d24f   Thumb Code    26  stm32f10x_gpio.o(.text)
    GPIO_EventOutputCmd                      0x0800d269   Thumb Code     6  stm32f10x_gpio.o(.text)
    GPIO_PinRemapConfig                      0x0800d26f   Thumb Code   138  stm32f10x_gpio.o(.text)
    GPIO_EXTILineConfig                      0x0800d2f9   Thumb Code    66  stm32f10x_gpio.o(.text)
    GPIO_ETH_MediaInterfaceConfig            0x0800d33b   Thumb Code     8  stm32f10x_gpio.o(.text)
    RCC_DeInit                               0x0800d369   Thumb Code    64  stm32f10x_rcc.o(.text)
    RCC_HSEConfig                            0x0800d3a9   Thumb Code    70  stm32f10x_rcc.o(.text)
    RCC_GetFlagStatus                        0x0800d3ef   Thumb Code    56  stm32f10x_rcc.o(.text)
    RCC_WaitForHSEStartUp                    0x0800d427   Thumb Code    56  stm32f10x_rcc.o(.text)
    RCC_AdjustHSICalibrationValue            0x0800d45f   Thumb Code    20  stm32f10x_rcc.o(.text)
    RCC_HSICmd                               0x0800d473   Thumb Code     6  stm32f10x_rcc.o(.text)
    RCC_PLLConfig                            0x0800d479   Thumb Code    24  stm32f10x_rcc.o(.text)
    RCC_PLLCmd                               0x0800d491   Thumb Code     6  stm32f10x_rcc.o(.text)
    RCC_SYSCLKConfig                         0x0800d497   Thumb Code    18  stm32f10x_rcc.o(.text)
    RCC_GetSYSCLKSource                      0x0800d4a9   Thumb Code    10  stm32f10x_rcc.o(.text)
    RCC_HCLKConfig                           0x0800d4b3   Thumb Code    18  stm32f10x_rcc.o(.text)
    RCC_PCLK1Config                          0x0800d4c5   Thumb Code    18  stm32f10x_rcc.o(.text)
    RCC_PCLK2Config                          0x0800d4d7   Thumb Code    20  stm32f10x_rcc.o(.text)
    RCC_ITConfig                             0x0800d4eb   Thumb Code    26  stm32f10x_rcc.o(.text)
    RCC_USBCLKConfig                         0x0800d505   Thumb Code     8  stm32f10x_rcc.o(.text)
    RCC_ADCCLKConfig                         0x0800d50d   Thumb Code    18  stm32f10x_rcc.o(.text)
    RCC_LSEConfig                            0x0800d51f   Thumb Code    50  stm32f10x_rcc.o(.text)
    RCC_LSICmd                               0x0800d551   Thumb Code     6  stm32f10x_rcc.o(.text)
    RCC_RTCCLKConfig                         0x0800d557   Thumb Code    12  stm32f10x_rcc.o(.text)
    RCC_RTCCLKCmd                            0x0800d563   Thumb Code     8  stm32f10x_rcc.o(.text)
    RCC_GetClocksFreq                        0x0800d56b   Thumb Code   192  stm32f10x_rcc.o(.text)
    RCC_AHBPeriphClockCmd                    0x0800d62b   Thumb Code    26  stm32f10x_rcc.o(.text)
    RCC_APB2PeriphClockCmd                   0x0800d645   Thumb Code    26  stm32f10x_rcc.o(.text)
    RCC_APB1PeriphClockCmd                   0x0800d65f   Thumb Code    26  stm32f10x_rcc.o(.text)
    RCC_APB2PeriphResetCmd                   0x0800d679   Thumb Code    26  stm32f10x_rcc.o(.text)
    RCC_APB1PeriphResetCmd                   0x0800d693   Thumb Code    26  stm32f10x_rcc.o(.text)
    RCC_BackupResetCmd                       0x0800d6ad   Thumb Code     8  stm32f10x_rcc.o(.text)
    RCC_ClockSecuritySystemCmd               0x0800d6b5   Thumb Code     6  stm32f10x_rcc.o(.text)
    RCC_MCOConfig                            0x0800d6bb   Thumb Code     6  stm32f10x_rcc.o(.text)
    RCC_ClearFlag                            0x0800d6c1   Thumb Code    14  stm32f10x_rcc.o(.text)
    RCC_GetITStatus                          0x0800d6cf   Thumb Code    20  stm32f10x_rcc.o(.text)
    RCC_ClearITPendingBit                    0x0800d6e3   Thumb Code     6  stm32f10x_rcc.o(.text)
    USART_DeInit                             0x0800d70d   Thumb Code   134  stm32f10x_usart.o(.text)
    USART_Init                               0x0800d793   Thumb Code   210  stm32f10x_usart.o(.text)
    USART_StructInit                         0x0800d865   Thumb Code    24  stm32f10x_usart.o(.text)
    USART_ClockInit                          0x0800d87d   Thumb Code    34  stm32f10x_usart.o(.text)
    USART_ClockStructInit                    0x0800d89f   Thumb Code    12  stm32f10x_usart.o(.text)
    USART_Cmd                                0x0800d8ab   Thumb Code    24  stm32f10x_usart.o(.text)
    USART_ITConfig                           0x0800d8c3   Thumb Code    74  stm32f10x_usart.o(.text)
    USART_DMACmd                             0x0800d90d   Thumb Code    18  stm32f10x_usart.o(.text)
    USART_SetAddress                         0x0800d91f   Thumb Code    18  stm32f10x_usart.o(.text)
    USART_WakeUpConfig                       0x0800d931   Thumb Code    18  stm32f10x_usart.o(.text)
    USART_ReceiverWakeUpCmd                  0x0800d943   Thumb Code    24  stm32f10x_usart.o(.text)
    USART_LINBreakDetectLengthConfig         0x0800d95b   Thumb Code    18  stm32f10x_usart.o(.text)
    USART_LINCmd                             0x0800d96d   Thumb Code    24  stm32f10x_usart.o(.text)
    USART_SendData                           0x0800d985   Thumb Code     8  stm32f10x_usart.o(.text)
    USART_ReceiveData                        0x0800d98d   Thumb Code    10  stm32f10x_usart.o(.text)
    USART_SendBreak                          0x0800d997   Thumb Code    10  stm32f10x_usart.o(.text)
    USART_SetGuardTime                       0x0800d9a1   Thumb Code    16  stm32f10x_usart.o(.text)
    USART_SetPrescaler                       0x0800d9b1   Thumb Code    16  stm32f10x_usart.o(.text)
    USART_SmartCardCmd                       0x0800d9c1   Thumb Code    24  stm32f10x_usart.o(.text)
    USART_SmartCardNACKCmd                   0x0800d9d9   Thumb Code    24  stm32f10x_usart.o(.text)
    USART_HalfDuplexCmd                      0x0800d9f1   Thumb Code    24  stm32f10x_usart.o(.text)
    USART_OverSampling8Cmd                   0x0800da09   Thumb Code    22  stm32f10x_usart.o(.text)
    USART_OneBitMethodCmd                    0x0800da1f   Thumb Code    24  stm32f10x_usart.o(.text)
    USART_IrDAConfig                         0x0800da37   Thumb Code    18  stm32f10x_usart.o(.text)
    USART_IrDACmd                            0x0800da49   Thumb Code    24  stm32f10x_usart.o(.text)
    USART_GetFlagStatus                      0x0800da61   Thumb Code    26  stm32f10x_usart.o(.text)
    USART_ClearFlag                          0x0800da7b   Thumb Code    18  stm32f10x_usart.o(.text)
    USART_GetITStatus                        0x0800da8d   Thumb Code    84  stm32f10x_usart.o(.text)
    USART_ClearITPendingBit                  0x0800dae1   Thumb Code    52  stm32f10x_usart.o(.text)
    NVIC_PriorityGroupConfig                 0x0800db15   Thumb Code    10  misc.o(.text)
    NVIC_Init                                0x0800db1f   Thumb Code   100  misc.o(.text)
    NVIC_SetVectorTable                      0x0800db83   Thumb Code    14  misc.o(.text)
    NVIC_SystemLPConfig                      0x0800db91   Thumb Code    34  misc.o(.text)
    SysTick_CLKSourceConfig                  0x0800dbb3   Thumb Code    40  misc.o(.text)
    SPI_I2S_DeInit                           0x0800dbf1   Thumb Code    76  stm32f10x_spi.o(.text)
    SPI_Init                                 0x0800dc3d   Thumb Code    60  stm32f10x_spi.o(.text)
    I2S_Init                                 0x0800dc79   Thumb Code   226  stm32f10x_spi.o(.text)
    SPI_StructInit                           0x0800dd5b   Thumb Code    24  stm32f10x_spi.o(.text)
    I2S_StructInit                           0x0800dd73   Thumb Code    20  stm32f10x_spi.o(.text)
    SPI_Cmd                                  0x0800dd87   Thumb Code    24  stm32f10x_spi.o(.text)
    I2S_Cmd                                  0x0800dd9f   Thumb Code    24  stm32f10x_spi.o(.text)
    SPI_I2S_ITConfig                         0x0800ddb7   Thumb Code    32  stm32f10x_spi.o(.text)
    SPI_I2S_DMACmd                           0x0800ddd7   Thumb Code    18  stm32f10x_spi.o(.text)
    SPI_I2S_SendData                         0x0800dde9   Thumb Code     4  stm32f10x_spi.o(.text)
    SPI_I2S_ReceiveData                      0x0800dded   Thumb Code     6  stm32f10x_spi.o(.text)
    SPI_NSSInternalSoftwareConfig            0x0800ddf3   Thumb Code    30  stm32f10x_spi.o(.text)
    SPI_SSOutputCmd                          0x0800de11   Thumb Code    24  stm32f10x_spi.o(.text)
    SPI_DataSizeConfig                       0x0800de29   Thumb Code    18  stm32f10x_spi.o(.text)
    SPI_TransmitCRC                          0x0800de3b   Thumb Code    10  stm32f10x_spi.o(.text)
    SPI_CalculateCRC                         0x0800de45   Thumb Code    24  stm32f10x_spi.o(.text)
    SPI_GetCRC                               0x0800de5d   Thumb Code    16  stm32f10x_spi.o(.text)
    SPI_GetCRCPolynomial                     0x0800de6d   Thumb Code     6  stm32f10x_spi.o(.text)
    SPI_BiDirectionalLineConfig              0x0800de73   Thumb Code    28  stm32f10x_spi.o(.text)
    SPI_I2S_GetFlagStatus                    0x0800de8f   Thumb Code    18  stm32f10x_spi.o(.text)
    SPI_I2S_ClearFlag                        0x0800dea1   Thumb Code     6  stm32f10x_spi.o(.text)
    SPI_I2S_GetITStatus                      0x0800dea7   Thumb Code    52  stm32f10x_spi.o(.text)
    SPI_I2S_ClearITPendingBit                0x0800dedb   Thumb Code    20  stm32f10x_spi.o(.text)
    TIM_DeInit                               0x0800defd   Thumb Code   424  stm32f10x_tim.o(.text)
    TIM_TimeBaseInit                         0x0800e0a5   Thumb Code   122  stm32f10x_tim.o(.text)
    TIM_OC1Init                              0x0800e11f   Thumb Code   132  stm32f10x_tim.o(.text)
    TIM_OC2Init                              0x0800e1a3   Thumb Code   154  stm32f10x_tim.o(.text)
    TIM_OC3Init                              0x0800e23d   Thumb Code   150  stm32f10x_tim.o(.text)
    TIM_OC4Init                              0x0800e2d3   Thumb Code   182  stm32f10x_tim.o(.text)
    TIM_SetIC4Prescaler                      0x0800e389   Thumb Code    26  stm32f10x_tim.o(.text)
    TIM_SetIC3Prescaler                      0x0800e425   Thumb Code    18  stm32f10x_tim.o(.text)
    TIM_SetIC2Prescaler                      0x0800e4b1   Thumb Code    26  stm32f10x_tim.o(.text)
    TIM_SetIC1Prescaler                      0x0800e54d   Thumb Code    18  stm32f10x_tim.o(.text)
    TIM_ICInit                               0x0800e5cb   Thumb Code   150  stm32f10x_tim.o(.text)
    TIM_PWMIConfig                           0x0800e661   Thumb Code   124  stm32f10x_tim.o(.text)
    TIM_BDTRConfig                           0x0800e6dd   Thumb Code    32  stm32f10x_tim.o(.text)
    TIM_TimeBaseStructInit                   0x0800e6fd   Thumb Code    18  stm32f10x_tim.o(.text)
    TIM_OCStructInit                         0x0800e70f   Thumb Code    20  stm32f10x_tim.o(.text)
    TIM_ICStructInit                         0x0800e723   Thumb Code    18  stm32f10x_tim.o(.text)
    TIM_BDTRStructInit                       0x0800e735   Thumb Code    40  stm32f10x_tim.o(.text)
    TIM_Cmd                                  0x0800e75d   Thumb Code    24  stm32f10x_tim.o(.text)
    TIM_CtrlPWMOutputs                       0x0800e775   Thumb Code    30  stm32f10x_tim.o(.text)
    TIM_ITConfig                             0x0800e793   Thumb Code    18  stm32f10x_tim.o(.text)
    TIM_GenerateEvent                        0x0800e7a5   Thumb Code     4  stm32f10x_tim.o(.text)
    TIM_DMAConfig                            0x0800e7a9   Thumb Code    10  stm32f10x_tim.o(.text)
    TIM_DMACmd                               0x0800e7b3   Thumb Code    18  stm32f10x_tim.o(.text)
    TIM_InternalClockConfig                  0x0800e7c5   Thumb Code    12  stm32f10x_tim.o(.text)
    TIM_SelectInputTrigger                   0x0800e7d1   Thumb Code    18  stm32f10x_tim.o(.text)
    TIM_ITRxExternalClockConfig              0x0800e7e3   Thumb Code    24  stm32f10x_tim.o(.text)
    TIM_TIxExternalClockConfig               0x0800e7fb   Thumb Code    62  stm32f10x_tim.o(.text)
    TIM_ETRConfig                            0x0800e839   Thumb Code    28  stm32f10x_tim.o(.text)
    TIM_ETRClockMode1Config                  0x0800e855   Thumb Code    54  stm32f10x_tim.o(.text)
    TIM_ETRClockMode2Config                  0x0800e88b   Thumb Code    32  stm32f10x_tim.o(.text)
    TIM_PrescalerConfig                      0x0800e8ab   Thumb Code     6  stm32f10x_tim.o(.text)
    TIM_CounterModeConfig                    0x0800e8b1   Thumb Code    18  stm32f10x_tim.o(.text)
    TIM_EncoderInterfaceConfig               0x0800e8c3   Thumb Code    66  stm32f10x_tim.o(.text)
    TIM_ForcedOC1Config                      0x0800e905   Thumb Code    18  stm32f10x_tim.o(.text)
    TIM_ForcedOC2Config                      0x0800e917   Thumb Code    26  stm32f10x_tim.o(.text)
    TIM_ForcedOC3Config                      0x0800e931   Thumb Code    18  stm32f10x_tim.o(.text)
    TIM_ForcedOC4Config                      0x0800e943   Thumb Code    26  stm32f10x_tim.o(.text)
    TIM_ARRPreloadConfig                     0x0800e95d   Thumb Code    24  stm32f10x_tim.o(.text)
    TIM_SelectCOM                            0x0800e975   Thumb Code    24  stm32f10x_tim.o(.text)
    TIM_SelectCCDMA                          0x0800e98d   Thumb Code    24  stm32f10x_tim.o(.text)
    TIM_CCPreloadControl                     0x0800e9a5   Thumb Code    24  stm32f10x_tim.o(.text)
    TIM_OC1PreloadConfig                     0x0800e9bd   Thumb Code    18  stm32f10x_tim.o(.text)
    TIM_OC2PreloadConfig                     0x0800e9cf   Thumb Code    26  stm32f10x_tim.o(.text)
    TIM_OC3PreloadConfig                     0x0800e9e9   Thumb Code    18  stm32f10x_tim.o(.text)
    TIM_OC4PreloadConfig                     0x0800e9fb   Thumb Code    26  stm32f10x_tim.o(.text)
    TIM_OC1FastConfig                        0x0800ea15   Thumb Code    18  stm32f10x_tim.o(.text)
    TIM_OC2FastConfig                        0x0800ea27   Thumb Code    26  stm32f10x_tim.o(.text)
    TIM_OC3FastConfig                        0x0800ea41   Thumb Code    18  stm32f10x_tim.o(.text)
    TIM_OC4FastConfig                        0x0800ea53   Thumb Code    26  stm32f10x_tim.o(.text)
    TIM_ClearOC1Ref                          0x0800ea6d   Thumb Code    18  stm32f10x_tim.o(.text)
    TIM_ClearOC2Ref                          0x0800ea7f   Thumb Code    24  stm32f10x_tim.o(.text)
    TIM_ClearOC3Ref                          0x0800ea97   Thumb Code    18  stm32f10x_tim.o(.text)
    TIM_ClearOC4Ref                          0x0800eaa9   Thumb Code    24  stm32f10x_tim.o(.text)
    TIM_OC1PolarityConfig                    0x0800eac1   Thumb Code    18  stm32f10x_tim.o(.text)
    TIM_OC1NPolarityConfig                   0x0800ead3   Thumb Code    18  stm32f10x_tim.o(.text)
    TIM_OC2PolarityConfig                    0x0800eae5   Thumb Code    26  stm32f10x_tim.o(.text)
    TIM_OC2NPolarityConfig                   0x0800eaff   Thumb Code    26  stm32f10x_tim.o(.text)
    TIM_OC3PolarityConfig                    0x0800eb19   Thumb Code    26  stm32f10x_tim.o(.text)
    TIM_OC3NPolarityConfig                   0x0800eb33   Thumb Code    26  stm32f10x_tim.o(.text)
    TIM_OC4PolarityConfig                    0x0800eb4d   Thumb Code    26  stm32f10x_tim.o(.text)
    TIM_CCxCmd                               0x0800eb67   Thumb Code    30  stm32f10x_tim.o(.text)
    TIM_CCxNCmd                              0x0800eb85   Thumb Code    30  stm32f10x_tim.o(.text)
    TIM_SelectOCxM                           0x0800eba3   Thumb Code    82  stm32f10x_tim.o(.text)
    TIM_UpdateDisableConfig                  0x0800ebf5   Thumb Code    24  stm32f10x_tim.o(.text)
    TIM_UpdateRequestConfig                  0x0800ec0d   Thumb Code    24  stm32f10x_tim.o(.text)
    TIM_SelectHallSensor                     0x0800ec25   Thumb Code    24  stm32f10x_tim.o(.text)
    TIM_SelectOnePulseMode                   0x0800ec3d   Thumb Code    18  stm32f10x_tim.o(.text)
    TIM_SelectOutputTrigger                  0x0800ec4f   Thumb Code    18  stm32f10x_tim.o(.text)
    TIM_SelectSlaveMode                      0x0800ec61   Thumb Code    18  stm32f10x_tim.o(.text)
    TIM_SelectMasterSlaveMode                0x0800ec73   Thumb Code    18  stm32f10x_tim.o(.text)
    TIM_SetCounter                           0x0800ec85   Thumb Code     4  stm32f10x_tim.o(.text)
    TIM_SetAutoreload                        0x0800ec89   Thumb Code     4  stm32f10x_tim.o(.text)
    TIM_SetCompare1                          0x0800ec8d   Thumb Code     4  stm32f10x_tim.o(.text)
    TIM_SetCompare2                          0x0800ec91   Thumb Code     4  stm32f10x_tim.o(.text)
    TIM_SetCompare3                          0x0800ec95   Thumb Code     4  stm32f10x_tim.o(.text)
    TIM_SetCompare4                          0x0800ec99   Thumb Code     6  stm32f10x_tim.o(.text)
    TIM_SetClockDivision                     0x0800ec9f   Thumb Code    18  stm32f10x_tim.o(.text)
    TIM_GetCapture1                          0x0800ecb1   Thumb Code     6  stm32f10x_tim.o(.text)
    TIM_GetCapture2                          0x0800ecb7   Thumb Code     6  stm32f10x_tim.o(.text)
    TIM_GetCapture3                          0x0800ecbd   Thumb Code     6  stm32f10x_tim.o(.text)
    TIM_GetCapture4                          0x0800ecc3   Thumb Code     8  stm32f10x_tim.o(.text)
    TIM_GetCounter                           0x0800eccb   Thumb Code     6  stm32f10x_tim.o(.text)
    TIM_GetPrescaler                         0x0800ecd1   Thumb Code     6  stm32f10x_tim.o(.text)
    TIM_GetFlagStatus                        0x0800ecd7   Thumb Code    18  stm32f10x_tim.o(.text)
    TIM_ClearFlag                            0x0800ece9   Thumb Code     6  stm32f10x_tim.o(.text)
    TIM_GetITStatus                          0x0800ecef   Thumb Code    34  stm32f10x_tim.o(.text)
    TIM_ClearITPendingBit                    0x0800ed11   Thumb Code     6  stm32f10x_tim.o(.text)
    DMA_DeInit                               0x0800ed19   Thumb Code   324  stm32f10x_dma.o(.text)
    DMA_Init                                 0x0800ee5d   Thumb Code    60  stm32f10x_dma.o(.text)
    DMA_StructInit                           0x0800ee99   Thumb Code    26  stm32f10x_dma.o(.text)
    DMA_Cmd                                  0x0800eeb3   Thumb Code    24  stm32f10x_dma.o(.text)
    DMA_ITConfig                             0x0800eecb   Thumb Code    18  stm32f10x_dma.o(.text)
    DMA_SetCurrDataCounter                   0x0800eedd   Thumb Code     4  stm32f10x_dma.o(.text)
    DMA_GetCurrDataCounter                   0x0800eee1   Thumb Code     8  stm32f10x_dma.o(.text)
    DMA_GetFlagStatus                        0x0800eee9   Thumb Code    40  stm32f10x_dma.o(.text)
    DMA_ClearFlag                            0x0800ef11   Thumb Code    22  stm32f10x_dma.o(.text)
    DMA_GetITStatus                          0x0800ef27   Thumb Code    40  stm32f10x_dma.o(.text)
    DMA_ClearITPendingBit                    0x0800ef4f   Thumb Code    22  stm32f10x_dma.o(.text)
    IWDG_WriteAccessCmd                      0x0800ef6d   Thumb Code     6  stm32f10x_iwdg.o(.text)
    IWDG_SetPrescaler                        0x0800ef73   Thumb Code     6  stm32f10x_iwdg.o(.text)
    IWDG_SetReload                           0x0800ef79   Thumb Code     6  stm32f10x_iwdg.o(.text)
    IWDG_ReloadCounter                       0x0800ef7f   Thumb Code    10  stm32f10x_iwdg.o(.text)
    IWDG_Enable                              0x0800ef89   Thumb Code    10  stm32f10x_iwdg.o(.text)
    IWDG_GetFlagStatus                       0x0800ef93   Thumb Code    20  stm32f10x_iwdg.o(.text)
    mymemcpy                                 0x0800efad   Thumb Code    26  malloc.o(.text)
    mymemset                                 0x0800efc7   Thumb Code    20  malloc.o(.text)
    mem_init                                 0x0800efdb   Thumb Code    38  malloc.o(.text)
    mem_perused                              0x0800f001   Thumb Code    42  malloc.o(.text)
    mem_malloc                               0x0800f02b   Thumb Code   116  malloc.o(.text)
    mem_free                                 0x0800f09f   Thumb Code    66  malloc.o(.text)
    myfree                                   0x0800f0e1   Thumb Code    24  malloc.o(.text)
    mymalloc                                 0x0800f0f9   Thumb Code    28  malloc.o(.text)
    myrealloc                                0x0800f115   Thumb Code    50  malloc.o(.text)
    ff_convert                               0x0800f14d   Thumb Code   146  mycc936.o(.text)
    ff_wtoupper                              0x0800f1df   Thumb Code    46  mycc936.o(.text)
    Get_HzMat                                0x0800f219   Thumb Code   220  text.o(.text)
    Show_Font                                0x0800f2f5   Thumb Code   190  text.o(.text)
    Show_Str                                 0x0800f3b3   Thumb Code   192  text.o(.text)
    Show_Str_Mid                             0x0800f473   Thumb Code   106  text.o(.text)
    delay_xs                                 0x0800f4ff   Thumb Code    34  sim900a.o(.text)
    UTF8toUnicode                            0x0800f521   Thumb Code   242  sim900a.o(.text)
    cjson_to_struct_info_qrcode              0x0800f613   Thumb Code   274  sim900a.o(.text)
    sim900a_check_cmd                        0x0800f725   Thumb Code    44  sim900a.o(.text)
    sim900a_send_cmd                         0x0800f751   Thumb Code   112  sim900a.o(.text)
    sim900a_send_cmd_tou_data                0x0800f7c1   Thumb Code   112  sim900a.o(.text)
    cjson_to_struct_info_register            0x0800f831   Thumb Code  2620  sim900a.o(.text)
    cjson_to_struct_info_overtime_pay        0x0801026d   Thumb Code   592  sim900a.o(.text)
    cjson_to_struct_info_tcp_rcv_overtime_pay_success 0x080104bd   Thumb Code   272  sim900a.o(.text)
    cjson_to_struct_info_tcp_rcv             0x080105cd   Thumb Code  3088  sim900a.o(.text)
    sim_at_response                          0x080111dd   Thumb Code    74  sim900a.o(.text)
    sim900a_chr2hex                          0x08011227   Thumb Code    54  sim900a.o(.text)
    sim900a_hex2chr                          0x0801125d   Thumb Code    34  sim900a.o(.text)
    sim900a_unigbk_exchange                  0x0801127f   Thumb Code   862  sim900a.o(.text)
    sim900a_load_keyboard                    0x080115dd   Thumb Code   292  sim900a.o(.text)
    sim900a_key_staset                       0x08011701   Thumb Code   294  sim900a.o(.text)
    sim900a_get_keynum                       0x08011827   Thumb Code   230  sim900a.o(.text)
    sim900a_call_test                        0x0801190d   Thumb Code  1132  sim900a.o(.text)
    sim900a_sms_read_test                    0x08011d79   Thumb Code  1188  sim900a.o(.text)
    sim900a_sms_send_test                    0x0801221d   Thumb Code   854  sim900a.o(.text)
    sim900a_sms_ui                           0x08012573   Thumb Code   152  sim900a.o(.text)
    sim900a_sms_test                         0x0801260b   Thumb Code   180  sim900a.o(.text)
    sim900a_tcpudp_test                      0x080126bf   Thumb Code  1528  sim900a.o(.text)
    sim900a_gprs_ui                          0x08012cb7   Thumb Code   152  sim900a.o(.text)
    sim900a_gprs_test                        0x08012d4f   Thumb Code  3060  sim900a.o(.text)
    sim900a_mtest_ui                         0x08013943   Thumb Code  1394  sim900a.o(.text)
    sim900a_gsminfo_show                     0x08013eb5   Thumb Code   412  sim900a.o(.text)
    sim900a_test                             0x08014051   Thumb Code    10  sim900a.o(.text)
    toupper                                  0x0801414d   Thumb Code    12  toupper.o(.text)
    tolower                                  0x08014159   Thumb Code    12  tolower.o(.text)
    __aeabi_memcpy                           0x08014165   Thumb Code    36  memcpya.o(.text)
    __aeabi_memcpy4                          0x08014165   Thumb Code     0  memcpya.o(.text)
    __aeabi_memcpy8                          0x08014165   Thumb Code     0  memcpya.o(.text)
    __aeabi_memset                           0x08014189   Thumb Code    14  memseta.o(.text)
    __aeabi_memset4                          0x08014189   Thumb Code     0  memseta.o(.text)
    __aeabi_memset8                          0x08014189   Thumb Code     0  memseta.o(.text)
    __aeabi_memclr                           0x08014197   Thumb Code     4  memseta.o(.text)
    __aeabi_memclr4                          0x08014197   Thumb Code     0  memseta.o(.text)
    __aeabi_memclr8                          0x08014197   Thumb Code     0  memseta.o(.text)
    _memset$wrapper                          0x0801419b   Thumb Code    18  memseta.o(.text)
    strstr                                   0x080141ad   Thumb Code    36  strstr.o(.text)
    strchr                                   0x080141d1   Thumb Code    20  strchr.o(.text)
    strlen                                   0x080141e5   Thumb Code    14  strlen.o(.text)
    strcmp                                   0x080141f3   Thumb Code    28  strcmp.o(.text)
    strcpy                                   0x0801420f   Thumb Code    18  strcpy.o(.text)
    strncmp                                  0x08014221   Thumb Code    30  strncmp.o(.text)
    strrchr                                  0x0801423f   Thumb Code    32  strrchr.o(.text)
    __0sscanf                                0x08014261   Thumb Code    48  __0sscanf.o(.text)
    _scanf_real                              0x080143c1   Thumb Code     0  scanf_fp.o(.text)
    _scanf_really_real                       0x080143c1   Thumb Code   556  scanf_fp.o(.text)
    __aeabi_fadd                             0x080145f9   Thumb Code   164  fadd.o(.text)
    __aeabi_fsub                             0x0801469d   Thumb Code     6  fadd.o(.text)
    __aeabi_frsub                            0x080146a3   Thumb Code     6  fadd.o(.text)
    __aeabi_fmul                             0x080146a9   Thumb Code   100  fmul.o(.text)
    __aeabi_fdiv                             0x0801470d   Thumb Code   124  fdiv.o(.text)
    __aeabi_dadd                             0x08014789   Thumb Code   322  dadd.o(.text)
    __aeabi_dsub                             0x080148cb   Thumb Code     6  dadd.o(.text)
    __aeabi_drsub                            0x080148d1   Thumb Code     6  dadd.o(.text)
    __aeabi_dmul                             0x080148d7   Thumb Code   228  dmul.o(.text)
    __aeabi_ddiv                             0x080149bb   Thumb Code   222  ddiv.o(.text)
    __aeabi_i2f                              0x08014a99   Thumb Code    18  fflti.o(.text)
    __aeabi_ui2f                             0x08014aab   Thumb Code    10  ffltui.o(.text)
    __aeabi_i2d                              0x08014ab5   Thumb Code    34  dflti.o(.text)
    __aeabi_ui2d                             0x08014ad7   Thumb Code    26  dfltui.o(.text)
    __aeabi_f2iz                             0x08014af1   Thumb Code    50  ffixi.o(.text)
    __aeabi_f2uiz                            0x08014b23   Thumb Code    40  ffixui.o(.text)
    __aeabi_d2iz                             0x08014b4b   Thumb Code    62  dfixi.o(.text)
    __aeabi_d2uiz                            0x08014b89   Thumb Code    50  dfixui.o(.text)
    __aeabi_f2d                              0x08014bbb   Thumb Code    38  f2d.o(.text)
    __aeabi_cdcmpeq                          0x08014be1   Thumb Code     0  cdcmple.o(.text)
    __aeabi_cdcmple                          0x08014be1   Thumb Code    48  cdcmple.o(.text)
    __aeabi_cdrcmple                         0x08014c11   Thumb Code    48  cdrcmple.o(.text)
    __aeabi_uidiv                            0x08014c41   Thumb Code     0  uidiv.o(.text)
    __aeabi_uidivmod                         0x08014c41   Thumb Code    44  uidiv.o(.text)
    __aeabi_uldivmod                         0x08014c6d   Thumb Code    98  uldiv.o(.text)
    __aeabi_llsl                             0x08014ccf   Thumb Code    30  llshl.o(.text)
    _ll_shift_l                              0x08014ccf   Thumb Code     0  llshl.o(.text)
    __aeabi_llsr                             0x08014ced   Thumb Code    32  llushr.o(.text)
    _ll_ushift_r                             0x08014ced   Thumb Code     0  llushr.o(.text)
    __aeabi_lasr                             0x08014d0d   Thumb Code    36  llsshr.o(.text)
    _ll_sshift_r                             0x08014d0d   Thumb Code     0  llsshr.o(.text)
    __vfscanf_char                           0x08014d3d   Thumb Code    20  scanf_char.o(.text)
    _sgetc                                   0x08014d59   Thumb Code    30  _sgetc.o(.text)
    _sbackspace                              0x08014d77   Thumb Code    34  _sgetc.o(.text)
    __strtod_int                             0x08014dcf   Thumb Code    90  strtod.o(.text)
    __I$use$fp                               0x08014e35   Thumb Code     0  iusefp.o(.text)
    _float_round                             0x08014e35   Thumb Code    18  fepilogue.o(.text)
    _float_epilogue                          0x08014e47   Thumb Code    92  fepilogue.o(.text)
    _double_round                            0x08014ea3   Thumb Code    30  depilogue.o(.text)
    _double_epilogue                         0x08014ec1   Thumb Code   156  depilogue.o(.text)
    _dsqrt                                   0x08014f5d   Thumb Code   162  dsqrt.o(.text)
    __aeabi_ul2d                             0x08014fff   Thumb Code    24  dfltul.o(.text)
    __aeabi_d2ulz                            0x08015017   Thumb Code    48  dfixul.o(.text)
    __aeabi_d2f                              0x08015047   Thumb Code    56  d2f.o(.text)
    __scatterload                            0x08015081   Thumb Code    28  init.o(.text)
    __scatterload_rt2                        0x08015081   Thumb Code     0  init.o(.text)
    isspace                                  0x080150a5   Thumb Code    10  isspace_c.o(.text)
    __vfscanf                                0x080150b1   Thumb Code   808  _scanf.o(.text)
    __ctype_lookup                           0x080153dd   Thumb Code    34  ctype_c.o(.text)
    __decompress                             0x08015405   Thumb Code     0  __dczerorl2.o(.text)
    __decompress1                            0x08015405   Thumb Code    86  __dczerorl2.o(.text)
    __0printf                                0x0801545d   Thumb Code    22  printfa.o(i.__0printf)
    __1printf                                0x0801545d   Thumb Code     0  printfa.o(i.__0printf)
    __2printf                                0x0801545d   Thumb Code     0  printfa.o(i.__0printf)
    __c89printf                              0x0801545d   Thumb Code     0  printfa.o(i.__0printf)
    printf                                   0x0801545d   Thumb Code     0  printfa.o(i.__0printf)
    __0sprintf                               0x0801547d   Thumb Code    34  printfa.o(i.__0sprintf)
    __1sprintf                               0x0801547d   Thumb Code     0  printfa.o(i.__0sprintf)
    __2sprintf                               0x0801547d   Thumb Code     0  printfa.o(i.__0sprintf)
    __c89sprintf                             0x0801547d   Thumb Code     0  printfa.o(i.__0sprintf)
    sprintf                                  0x0801547d   Thumb Code     0  printfa.o(i.__0sprintf)
    __0vsprintf                              0x080154a5   Thumb Code    30  printfa.o(i.__0vsprintf)
    __1vsprintf                              0x080154a5   Thumb Code     0  printfa.o(i.__0vsprintf)
    __2vsprintf                              0x080154a5   Thumb Code     0  printfa.o(i.__0vsprintf)
    __c89vsprintf                            0x080154a5   Thumb Code     0  printfa.o(i.__0vsprintf)
    vsprintf                                 0x080154a5   Thumb Code     0  printfa.o(i.__0vsprintf)
    free                                     0x080154c9   Thumb Code    88  mallocr.o(i.__free$realloc)
    malloc                                   0x08015525   Thumb Code    64  mallocr.o(i.__malloc$realloc)
    __scatterload_copy                       0x08015575   Thumb Code    14  handlers.o(i.__scatterload_copy)
    __scatterload_null                       0x08015583   Thumb Code     2  handlers.o(i.__scatterload_null)
    __scatterload_zeroinit                   0x08015585   Thumb Code    14  handlers.o(i.__scatterload_zeroinit)
    __set_errno                              0x08015595   Thumb Code     6  errno.o(i.__set_errno)
    _is_digit                                0x08015725   Thumb Code    14  scanf_fp.o(i._is_digit)
    realloc                                  0x08015ebd   Thumb Code   102  mallocr.o(i.realloc)
    sqrt                                     0x08015f29   Thumb Code    76  sqrt.o(i.sqrt)
    strtod                                   0x08015f75   Thumb Code    28  strtod.o(i.strtod)
    asc2_1206                                0x08015f90   Data        1140  lcd.o(.constdata)
    asc2_1608                                0x08016404   Data        1520  lcd.o(.constdata)
    asc2_2412                                0x080169f4   Data        3420  lcd.o(.constdata)
    TP_ADJDIS_TBL                            0x08017750   Data          12  touch.o(.constdata)
    OTT_TPX_TBL                              0x0801775c   Data          10  ott2001a.o(.constdata)
    FT5206_TPX_TBL                           0x08017766   Data          10  ft5206.o(.constdata)
    GT9147_CFG_TBL                           0x08017770   Data         184  gt9147.o(.constdata)
    GT9147_TPX_TBL                           0x08017828   Data          10  gt9147.o(.constdata)
    __ctype_categories                       0x08017c00   Data          64  ctype_c.o(.constdata)
    Region$$Table$$Base                      0x08017e14   Number         0  anon$$obj.o(Region$$Table)
    Region$$Table$$Limit                     0x08017e34   Number         0  anon$$obj.o(Region$$Table)
    SystemCoreClock                          0x20000000   Data           4  system_stm32f10x.o(.data)
    AHBPrescTable                            0x20000004   Data          16  system_stm32f10x.o(.data)
    PADDING                                  0x20000014   Data          64  md5.o(.data)
    POINT_COLOR                              0x20000056   Data           2  lcd.o(.data)
    BACK_COLOR                               0x20000058   Data           2  lcd.o(.data)
    SPI_FLASH_TYPE                           0x2000005a   Data           2  flash.o(.data)
    tp_dev                                   0x2000005c   Data          52  touch.o(.data)
    CMD_RDX                                  0x20000090   Data           1  touch.o(.data)
    CMD_RDY                                  0x20000091   Data           1  touch.o(.data)
    TP_REMIND_MSG_TBL                        0x20000094   Data           4  touch.o(.data)
    USART2_RX_STA                            0x2000009a   Data           2  usart2.o(.data)
    USART3_RX_STA                            0x2000009e   Data           2  usart3.o(.data)
    USART4_RX_STA                            0x200000a0   Data           2  usart4.o(.data)
    qujianma_wait_tcp_flag                   0x200000b8   Data           1  lcd_u4.o(.data)
    qujian_num                               0x200000b9   Data           8  lcd_u4.o(.data)
    qujian_num_input_len                     0x200000c1   Data           1  lcd_u4.o(.data)
    daojishi_ongo_flag                       0x200000c2   Data           1  lcd_u4.o(.data)
    daojishi_time                            0x200000c3   Data           1  timer.o(.data)
    mtimer_flag                              0x200000c4   Data           1  timer.o(.data)
    __stdout                                 0x200000cc   Data           4  usart.o(.data)
    USART_RX_STA                             0x200000d0   Data           2  usart.o(.data)
    mallco_dev                               0x200000e8   Data          20  malloc.o(.data)
    captcha_id                               0x200000fc   Data           4  sim900a.o(.data)
    heart_beart_idx                          0x20000100   Data           4  sim900a.o(.data)
    kbd_tbl1                                 0x20000104   Data          52  sim900a.o(.data)
    kbd_tbl2                                 0x20000138   Data          52  sim900a.o(.data)
    kbd_tbl                                  0x2000016c   Data           4  sim900a.o(.data)
    kbd_fn_tbl                               0x20000170   Data           8  sim900a.o(.data)
    sim900a_test_msg                         0x20000178   Data           4  sim900a.o(.data)
    modetbl                                  0x2000017c   Data           8  sim900a.o(.data)
    __microlib_freelist                      0x20000188   Data           4  mvars.o(.data)
    __microlib_freelist_initialised          0x2000018c   Data           4  mvars.o(.data)
    lcddev                                   0x20000194   Data          14  lcd.o(.bss)
    SPI_InitStructure                        0x200001a2   Data          18  spi.o(.bss)
    USART2_TX_BUF                            0x200001b8   Data        1024  usart2.o(.bss)
    USART2_RX_BUF                            0x200005b8   Data        1024  usart2.o(.bss)
    USART3_TX_BUF                            0x200009b8   Data        1024  usart3.o(.bss)
    USART3_RX_BUF                            0x20000db8   Data        1024  usart3.o(.bss)
    USART4_TX_BUF                            0x200011b8   Data        1024  usart4.o(.bss)
    USART4_RX_BUF                            0x200015b8   Data        1024  usart4.o(.bss)
    USART_RX_BUF                             0x200019c7   Data         200  usart.o(.bss)
    membase                                  0x20001a90   Data       28672  malloc.o(.bss)
    memmapbase                               0x20008a90   Data        1792  malloc.o(.bss)
    ftinfo                                   0x20009190   Data          33  fontupd.o(.bss)
    regst_key                                0x200091b1   Data          60  sim900a.o(.bss)
    IMEI_cRes                                0x200091ed   Data         100  sim900a.o(.bss)
    deviceid_decrypt_c                       0x20009251   Data          33  sim900a.o(.bss)
    __heap_base                              0x20009278   Data           0  startup_stm32f10x_hd.o(HEAP)
    __heap_limit                             0x2000ba78   Data           0  startup_stm32f10x_hd.o(HEAP)
    __initial_sp                             0x2000be78   Data           0  startup_stm32f10x_hd.o(STACK)



==============================================================================

Memory Map of the image

  Image Entry point : 0x08000131

  Load Region LR_IROM1 (Base: 0x08000000, Size: 0x00017fc8, Max: 0x00040000, ABSOLUTE, COMPRESSED[0x00017ec8])

    Execution Region ER_IROM1 (Exec base: 0x08000000, Load base: 0x08000000, Size: 0x00017e34, Max: 0x00040000, ABSOLUTE)

    Exec Addr    Load Addr    Size         Type   Attr      Idx    E Section Name        Object

    0x08000000   0x08000000   0x00000130   Data   RO          692    RESET               startup_stm32f10x_hd.o
    0x08000130   0x08000130   0x00000000   Code   RO         1002  * .ARM.Collect$$$$00000000  mc_w.l(entry.o)
    0x08000130   0x08000130   0x00000004   Code   RO         1360    .ARM.Collect$$$$00000001  mc_w.l(entry2.o)
    0x08000134   0x08000134   0x00000004   Code   RO         1363    .ARM.Collect$$$$00000004  mc_w.l(entry5.o)
    0x08000138   0x08000138   0x00000000   Code   RO         1365    .ARM.Collect$$$$00000008  mc_w.l(entry7b.o)
    0x08000138   0x08000138   0x00000000   Code   RO         1367    .ARM.Collect$$$$0000000A  mc_w.l(entry8b.o)
    0x08000138   0x08000138   0x00000008   Code   RO         1368    .ARM.Collect$$$$0000000B  mc_w.l(entry9a.o)
    0x08000140   0x08000140   0x00000000   Code   RO         1370    .ARM.Collect$$$$0000000D  mc_w.l(entry10a.o)
    0x08000140   0x08000140   0x00000000   Code   RO         1372    .ARM.Collect$$$$0000000F  mc_w.l(entry11a.o)
    0x08000140   0x08000140   0x00000004   Code   RO         1361    .ARM.Collect$$$$00002712  mc_w.l(entry2.o)
    0x08000144   0x08000144   0x00000338   Code   RO            1    .text               main.o
    0x0800047c   0x0800047c   0x0000001a   Code   RO          157    .text               stm32f10x_it.o
    0x08000496   0x08000496   0x00000002   PAD
    0x08000498   0x08000498   0x000001e0   Code   RO          189    .text               system_stm32f10x.o
    0x08000678   0x08000678   0x00000944   Code   RO          207    .text               md5.o
    0x08000fbc   0x08000fbc   0x000000a0   Code   RO          232    .text               led.o
    0x0800105c   0x0800105c   0x000000fc   Code   RO          248    .text               key.o
    0x08001158   0x08001158   0x00005846   Code   RO          261    .text               lcd.o
    0x0800699e   0x0800699e   0x00000002   PAD
    0x080069a0   0x080069a0   0x000000e8   Code   RO          291    .text               spi.o
    0x08006a88   0x08006a88   0x000003c0   Code   RO          309    .text               flash.o
    0x08006e48   0x08006e48   0x00000258   Code   RO          349    .text               myiic.o
    0x080070a0   0x080070a0   0x0000017a   Code   RO          364    .text               24cxx.o
    0x0800721a   0x0800721a   0x00000002   PAD
    0x0800721c   0x0800721c   0x00000ca4   Code   RO          379    .text               touch.o
    0x08007ec0   0x08007ec0   0x00000260   Code   RO          403    .text               ctiic.o
    0x08008120   0x08008120   0x0000036c   Code   RO          418    .text               ott2001a.o
    0x0800848c   0x0800848c   0x00000278   Code   RO          434    .text               usart2.o
    0x08008704   0x08008704   0x00000334   Code   RO          460    .text               ft5206.o
    0x08008a38   0x08008a38   0x000003e4   Code   RO          476    .text               gt9147.o
    0x08008e1c   0x08008e1c   0x000002dc   Code   RO          492    .text               usart3.o
    0x080090f8   0x080090f8   0x00000274   Code   RO          511    .text               usart4.o
    0x0800936c   0x0800936c   0x0000209c   Code   RO          530    .text               cjson.o
    0x0800b408   0x0800b408   0x00001800   Code   RO          568    .text               lcd_u4.o
    0x0800cc08   0x0800cc08   0x0000018c   Code   RO          593    .text               timer.o
    0x0800cd94   0x0800cd94   0x0000003e   Code   RO          611    .text               iwdg.o
    0x0800cdd2   0x0800cdd2   0x00000002   PAD
    0x0800cdd4   0x0800cdd4   0x000000d4   Code   RO          626    .text               delay.o
    0x0800cea8   0x0800cea8   0x00000140   Code   RO          657    .text               usart.o
    0x0800cfe8   0x0800cfe8   0x00000024   Code   RO          693    .text               startup_stm32f10x_hd.o
    0x0800d00c   0x0800d00c   0x0000035c   Code   RO          697    .text               stm32f10x_gpio.o
    0x0800d368   0x0800d368   0x000003a4   Code   RO          709    .text               stm32f10x_rcc.o
    0x0800d70c   0x0800d70c   0x00000408   Code   RO          723    .text               stm32f10x_usart.o
    0x0800db14   0x0800db14   0x000000dc   Code   RO          735    .text               misc.o
    0x0800dbf0   0x0800dbf0   0x0000030c   Code   RO          747    .text               stm32f10x_spi.o
    0x0800defc   0x0800defc   0x00000e1a   Code   RO          759    .text               stm32f10x_tim.o
    0x0800ed16   0x0800ed16   0x00000002   PAD
    0x0800ed18   0x0800ed18   0x00000254   Code   RO          771    .text               stm32f10x_dma.o
    0x0800ef6c   0x0800ef6c   0x00000040   Code   RO          798    .text               stm32f10x_iwdg.o
    0x0800efac   0x0800efac   0x000001a0   Code   RO          810    .text               malloc.o
    0x0800f14c   0x0800f14c   0x000000cc   Code   RO          913    .text               mycc936.o
    0x0800f218   0x0800f218   0x000002d4   Code   RO          947    .text               text.o
    0x0800f4ec   0x0800f4ec   0x00004c60   Code   RO          962    .text               sim900a.o
    0x0801414c   0x0801414c   0x0000000c   Code   RO         1005    .text               mc_w.l(toupper.o)
    0x08014158   0x08014158   0x0000000c   Code   RO         1007    .text               mc_w.l(tolower.o)
    0x08014164   0x08014164   0x00000024   Code   RO         1009    .text               mc_w.l(memcpya.o)
    0x08014188   0x08014188   0x00000024   Code   RO         1011    .text               mc_w.l(memseta.o)
    0x080141ac   0x080141ac   0x00000024   Code   RO         1013    .text               mc_w.l(strstr.o)
    0x080141d0   0x080141d0   0x00000014   Code   RO         1015    .text               mc_w.l(strchr.o)
    0x080141e4   0x080141e4   0x0000000e   Code   RO         1017    .text               mc_w.l(strlen.o)
    0x080141f2   0x080141f2   0x0000001c   Code   RO         1019    .text               mc_w.l(strcmp.o)
    0x0801420e   0x0801420e   0x00000012   Code   RO         1021    .text               mc_w.l(strcpy.o)
    0x08014220   0x08014220   0x0000001e   Code   RO         1023    .text               mc_w.l(strncmp.o)
    0x0801423e   0x0801423e   0x00000020   Code   RO         1025    .text               mc_w.l(strrchr.o)
    0x0801425e   0x0801425e   0x00000002   PAD
    0x08014260   0x08014260   0x00000038   Code   RO         1318    .text               mc_w.l(__0sscanf.o)
    0x08014298   0x08014298   0x00000360   Code   RO         1320    .text               mc_w.l(scanf_fp.o)
    0x080145f8   0x080145f8   0x000000b0   Code   RO         1324    .text               mf_w.l(fadd.o)
    0x080146a8   0x080146a8   0x00000064   Code   RO         1326    .text               mf_w.l(fmul.o)
    0x0801470c   0x0801470c   0x0000007c   Code   RO         1328    .text               mf_w.l(fdiv.o)
    0x08014788   0x08014788   0x0000014e   Code   RO         1330    .text               mf_w.l(dadd.o)
    0x080148d6   0x080148d6   0x000000e4   Code   RO         1332    .text               mf_w.l(dmul.o)
    0x080149ba   0x080149ba   0x000000de   Code   RO         1334    .text               mf_w.l(ddiv.o)
    0x08014a98   0x08014a98   0x00000012   Code   RO         1336    .text               mf_w.l(fflti.o)
    0x08014aaa   0x08014aaa   0x0000000a   Code   RO         1338    .text               mf_w.l(ffltui.o)
    0x08014ab4   0x08014ab4   0x00000022   Code   RO         1340    .text               mf_w.l(dflti.o)
    0x08014ad6   0x08014ad6   0x0000001a   Code   RO         1342    .text               mf_w.l(dfltui.o)
    0x08014af0   0x08014af0   0x00000032   Code   RO         1344    .text               mf_w.l(ffixi.o)
    0x08014b22   0x08014b22   0x00000028   Code   RO         1346    .text               mf_w.l(ffixui.o)
    0x08014b4a   0x08014b4a   0x0000003e   Code   RO         1348    .text               mf_w.l(dfixi.o)
    0x08014b88   0x08014b88   0x00000032   Code   RO         1350    .text               mf_w.l(dfixui.o)
    0x08014bba   0x08014bba   0x00000026   Code   RO         1352    .text               mf_w.l(f2d.o)
    0x08014be0   0x08014be0   0x00000030   Code   RO         1354    .text               mf_w.l(cdcmple.o)
    0x08014c10   0x08014c10   0x00000030   Code   RO         1356    .text               mf_w.l(cdrcmple.o)
    0x08014c40   0x08014c40   0x0000002c   Code   RO         1374    .text               mc_w.l(uidiv.o)
    0x08014c6c   0x08014c6c   0x00000062   Code   RO         1376    .text               mc_w.l(uldiv.o)
    0x08014cce   0x08014cce   0x0000001e   Code   RO         1378    .text               mc_w.l(llshl.o)
    0x08014cec   0x08014cec   0x00000020   Code   RO         1380    .text               mc_w.l(llushr.o)
    0x08014d0c   0x08014d0c   0x00000024   Code   RO         1382    .text               mc_w.l(llsshr.o)
    0x08014d30   0x08014d30   0x00000028   Code   RO         1393    .text               mc_w.l(scanf_char.o)
    0x08014d58   0x08014d58   0x00000040   Code   RO         1395    .text               mc_w.l(_sgetc.o)
    0x08014d98   0x08014d98   0x0000009c   Code   RO         1397    .text               mc_w.l(strtod.o)
    0x08014e34   0x08014e34   0x00000000   Code   RO         1399    .text               mc_w.l(iusefp.o)
    0x08014e34   0x08014e34   0x0000006e   Code   RO         1400    .text               mf_w.l(fepilogue.o)
    0x08014ea2   0x08014ea2   0x000000ba   Code   RO         1402    .text               mf_w.l(depilogue.o)
    0x08014f5c   0x08014f5c   0x000000a2   Code   RO         1404    .text               mf_w.l(dsqrt.o)
    0x08014ffe   0x08014ffe   0x00000018   Code   RO         1406    .text               mf_w.l(dfltul.o)
    0x08015016   0x08015016   0x00000030   Code   RO         1408    .text               mf_w.l(dfixul.o)
    0x08015046   0x08015046   0x00000038   Code   RO         1410    .text               mf_w.l(d2f.o)
    0x0801507e   0x0801507e   0x00000002   PAD
    0x08015080   0x08015080   0x00000024   Code   RO         1412    .text               mc_w.l(init.o)
    0x080150a4   0x080150a4   0x0000000a   Code   RO         1414    .text               mc_w.l(isspace_c.o)
    0x080150ae   0x080150ae   0x00000002   PAD
    0x080150b0   0x080150b0   0x0000032c   Code   RO         1416    .text               mc_w.l(_scanf.o)
    0x080153dc   0x080153dc   0x00000028   Code   RO         1418    .text               mc_w.l(ctype_c.o)
    0x08015404   0x08015404   0x00000056   Code   RO         1429    .text               mc_w.l(__dczerorl2.o)
    0x0801545a   0x0801545a   0x00000002   PAD
    0x0801545c   0x0801545c   0x00000020   Code   RO         1262    i.__0printf         mc_w.l(printfa.o)
    0x0801547c   0x0801547c   0x00000028   Code   RO         1264    i.__0sprintf        mc_w.l(printfa.o)
    0x080154a4   0x080154a4   0x00000024   Code   RO         1268    i.__0vsprintf       mc_w.l(printfa.o)
    0x080154c8   0x080154c8   0x0000005c   Code   RO         1294    i.__free$realloc    mc_w.l(mallocr.o)
    0x08015524   0x08015524   0x00000050   Code   RO         1295    i.__malloc$realloc  mc_w.l(mallocr.o)
    0x08015574   0x08015574   0x0000000e   Code   RO         1423    i.__scatterload_copy  mc_w.l(handlers.o)
    0x08015582   0x08015582   0x00000002   Code   RO         1424    i.__scatterload_null  mc_w.l(handlers.o)
    0x08015584   0x08015584   0x0000000e   Code   RO         1425    i.__scatterload_zeroinit  mc_w.l(handlers.o)
    0x08015592   0x08015592   0x00000002   PAD
    0x08015594   0x08015594   0x0000000c   Code   RO         1388    i.__set_errno       mc_w.l(errno.o)
    0x080155a0   0x080155a0   0x00000184   Code   RO         1269    i._fp_digits        mc_w.l(printfa.o)
    0x08015724   0x08015724   0x0000000e   Code   RO         1322    i._is_digit         mc_w.l(scanf_fp.o)
    0x08015732   0x08015732   0x00000002   PAD
    0x08015734   0x08015734   0x000006dc   Code   RO         1270    i._printf_core      mc_w.l(printfa.o)
    0x08015e10   0x08015e10   0x00000024   Code   RO         1271    i._printf_post_padding  mc_w.l(printfa.o)
    0x08015e34   0x08015e34   0x0000002e   Code   RO         1272    i._printf_pre_padding  mc_w.l(printfa.o)
    0x08015e62   0x08015e62   0x0000000a   Code   RO         1274    i._sputc            mc_w.l(printfa.o)
    0x08015e6c   0x08015e6c   0x00000050   Code   RO         1296    i.internal_alloc    mc_w.l(mallocr.o)
    0x08015ebc   0x08015ebc   0x0000006c   Code   RO         1297    i.realloc           mc_w.l(mallocr.o)
    0x08015f28   0x08015f28   0x0000004c   Code   RO          991    i.sqrt              m_ws.l(sqrt.o)
    0x08015f74   0x08015f74   0x0000001c   Code   RO          999    i.strtod            m_ws.l(strtod.o)
    0x08015f90   0x08015f90   0x000017c0   Data   RO          263    .constdata          lcd.o
    0x08017750   0x08017750   0x0000000c   Data   RO          380    .constdata          touch.o
    0x0801775c   0x0801775c   0x0000000a   Data   RO          419    .constdata          ott2001a.o
    0x08017766   0x08017766   0x0000000a   Data   RO          461    .constdata          ft5206.o
    0x08017770   0x08017770   0x000000c2   Data   RO          477    .constdata          gt9147.o
    0x08017832   0x08017832   0x000003c0   Data   RO          914    .constdata          mycc936.o
    0x08017bf2   0x08017bf2   0x00000002   PAD
    0x08017bf4   0x08017bf4   0x0000000c   Data   RO          964    .constdata          sim900a.o
    0x08017c00   0x08017c00   0x00000040   Data   RO         1419    .constdata          mc_w.l(ctype_c.o)
    0x08017c40   0x08017c40   0x00000079   Data   RO          381    .conststring        touch.o
    0x08017cb9   0x08017cb9   0x00000003   PAD
    0x08017cbc   0x08017cbc   0x00000155   Data   RO          965    .conststring        sim900a.o
    0x08017e11   0x08017e11   0x00000003   PAD
    0x08017e14   0x08017e14   0x00000020   Data   RO         1421    Region$$Table       anon$$obj.o


    Execution Region RW_IRAM1 (Exec base: 0x20000000, Load base: 0x08017e34, Size: 0x0000be78, Max: 0x0000c000, ABSOLUTE, COMPRESSED[0x00000094])

    Exec Addr    Load Addr    Size         Type   Attr      Idx    E Section Name        Object

    0x20000000   COMPRESSED   0x00000014   Data   RW          190    .data               system_stm32f10x.o
    0x20000014   COMPRESSED   0x00000040   Data   RW          208    .data               md5.o
    0x20000054   COMPRESSED   0x00000001   Data   RW          249    .data               key.o
    0x20000055   COMPRESSED   0x00000001   PAD
    0x20000056   COMPRESSED   0x00000004   Data   RW          264    .data               lcd.o
    0x2000005a   COMPRESSED   0x00000002   Data   RW          310    .data               flash.o
    0x2000005c   COMPRESSED   0x0000003c   Data   RW          382    .data               touch.o
    0x20000098   COMPRESSED   0x00000001   Data   RW          420    .data               ott2001a.o
    0x20000099   COMPRESSED   0x00000001   PAD
    0x2000009a   COMPRESSED   0x00000002   Data   RW          436    .data               usart2.o
    0x2000009c   COMPRESSED   0x00000001   Data   RW          462    .data               ft5206.o
    0x2000009d   COMPRESSED   0x00000001   Data   RW          478    .data               gt9147.o
    0x2000009e   COMPRESSED   0x00000002   Data   RW          494    .data               usart3.o
    0x200000a0   COMPRESSED   0x00000002   Data   RW          513    .data               usart4.o
    0x200000a2   COMPRESSED   0x00000002   PAD
    0x200000a4   COMPRESSED   0x00000014   Data   RW          532    .data               cjson.o
    0x200000b8   COMPRESSED   0x0000000b   Data   RW          569    .data               lcd_u4.o
    0x200000c3   COMPRESSED   0x00000002   Data   RW          594    .data               timer.o
    0x200000c5   COMPRESSED   0x00000001   PAD
    0x200000c6   COMPRESSED   0x00000004   Data   RW          627    .data               delay.o
    0x200000ca   COMPRESSED   0x00000002   PAD
    0x200000cc   COMPRESSED   0x00000006   Data   RW          659    .data               usart.o
    0x200000d2   COMPRESSED   0x00000014   Data   RW          710    .data               stm32f10x_rcc.o
    0x200000e6   COMPRESSED   0x00000002   PAD
    0x200000e8   COMPRESSED   0x00000014   Data   RW          813    .data               malloc.o
    0x200000fc   COMPRESSED   0x00000089   Data   RW          966    .data               sim900a.o
    0x20000185   COMPRESSED   0x00000003   PAD
    0x20000188   COMPRESSED   0x00000004   Data   RW         1384    .data               mc_w.l(mvars.o)
    0x2000018c   COMPRESSED   0x00000004   Data   RW         1385    .data               mc_w.l(mvars.o)
    0x20000190   COMPRESSED   0x00000004   Data   RW         1389    .data               mc_w.l(errno.o)
    0x20000194        -       0x0000000e   Zero   RW          262    .bss                lcd.o
    0x200001a2        -       0x00000012   Zero   RW          292    .bss                spi.o
    0x200001b4   COMPRESSED   0x00000004   PAD
    0x200001b8        -       0x00000800   Zero   RW          435    .bss                usart2.o
    0x200009b8        -       0x00000800   Zero   RW          493    .bss                usart3.o
    0x200011b8        -       0x00000800   Zero   RW          512    .bss                usart4.o
    0x200019b8        -       0x0000000f   Zero   RW          531    .bss                cjson.o
    0x200019c7        -       0x000000c8   Zero   RW          658    .bss                usart.o
    0x20001a8f   COMPRESSED   0x00000001   PAD
    0x20001a90        -       0x00007700   Zero   RW          811    .bss                malloc.o
    0x20009190        -       0x00000021   Zero   RW          927    .bss                fontupd.o
    0x200091b1        -       0x000000c1   Zero   RW          963    .bss                sim900a.o
    0x20009272   COMPRESSED   0x00000006   PAD
    0x20009278        -       0x00002800   Zero   RW          691    HEAP                startup_stm32f10x_hd.o
    0x2000ba78        -       0x00000400   Zero   RW          690    STACK               startup_stm32f10x_hd.o


==============================================================================

Image component sizes


      Code (inc. data)   RO Data    RW Data    ZI Data      Debug   Object Name

       378          0          0          0          0       2926   24cxx.o
      8348        162          0         20         15      40318   cjson.o
       608         18          0          0          0       2085   ctiic.o
       212         18          0          4          0       1163   delay.o
         0          0          0          0          0       2616   exfuns.o
       960         16          0          2          0       5012   flash.o
         0          0          0          0         33       1521   fontupd.o
       820         36         10          1          0       2719   ft5206.o
       996         70        194          1          0       3122   gt9147.o
        62          0          0          0          0        878   iwdg.o
       252         16          0          1          0        900   key.o
     22598        208       6080          4         14      25311   lcd.o
      6144       2180          0         11          0      10320   lcd_u4.o
       160         10          0          0          0        727   led.o
       824        278          0          0          0     292343   main.o
       416          6          0         20      30464       4233   malloc.o
      2372        264          0         64          0       5272   md5.o
       220         22          0          0          0       1921   misc.o
       204         12        960          0          0       1733   mycc936.o
       600         12          0          0          0       1936   myiic.o
       876         56         10          1          0       2879   ott2001a.o
     19552       7028        353        137        193      22318   sim900a.o
       232         12          0          0         18       1425   spi.o
        36          8        304          0      11264        836   startup_stm32f10x_hd.o
       596          8          0          0          0       4486   stm32f10x_dma.o
       860         38          0          0          0       5853   stm32f10x_gpio.o
        26          0          0          0          0       1242   stm32f10x_it.o
        64          6          0          0          0       1337   stm32f10x_iwdg.o
       932         36          0         20          0       9092   stm32f10x_rcc.o
       780         14          0          0          0       6734   stm32f10x_spi.o
      3610         88          0          0          0      22960   stm32f10x_tim.o
      1032         22          0          0          0       8580   stm32f10x_usart.o
         0          0          0          0          0         32   sys.o
       480         38          0         20          0       1923   system_stm32f10x.o
       724         16          0          0          0       3208   text.o
       396         80          0          2          0       1641   timer.o
      3236        202        133         60          0       6979   touch.o
       320         16          0          6        200       3354   usart.o
       632         28          0          2       2048       3897   usart2.o
       732        132          0          2       2048       3215   usart3.o
       628         68          0          2       2048       3292   usart4.o

    ----------------------------------------------------------------------
     81928      11224       8084        392      48356     522339   Object Totals
         0          0         32          0          0          0   (incl. Generated)
        10          0          8         12         11          0   (incl. Padding)

    ----------------------------------------------------------------------

      Code (inc. data)   RO Data    RW Data    ZI Data      Debug   Library Member Name

        76          0          0          0          0         84   sqrt.o
        28          0          0          0          0         80   strtod.o
        56          8          0          0          0         84   __0sscanf.o
        86          0          0          0          0          0   __dczerorl2.o
       812          4          0          0          0        112   _scanf.o
        64          0          0          0          0         84   _sgetc.o
        40          6         64          0          0         68   ctype_c.o
         0          0          0          0          0          0   entry.o
         0          0          0          0          0          0   entry10a.o
         0          0          0          0          0          0   entry11a.o
         8          4          0          0          0          0   entry2.o
         4          0          0          0          0          0   entry5.o
         0          0          0          0          0          0   entry7b.o
         0          0          0          0          0          0   entry8b.o
         8          4          0          0          0          0   entry9a.o
        12          6          0          4          0         68   errno.o
        30          0          0          0          0          0   handlers.o
        36          8          0          0          0         68   init.o
        10          0          0          0          0         68   isspace_c.o
         0          0          0          0          0          0   iusefp.o
        30          0          0          0          0         68   llshl.o
        36          0          0          0          0         68   llsshr.o
        32          0          0          0          0         68   llushr.o
       360         30          0          0          0        356   mallocr.o
        36          0          0          0          0         68   memcpya.o
        36          0          0          0          0        108   memseta.o
         0          0          0          8          0          0   mvars.o
      2344        102          0          0          0        684   printfa.o
        40          8          0          0          0         84   scanf_char.o
       878         12          0          0          0        216   scanf_fp.o
        20          0          0          0          0         68   strchr.o
        28          0          0          0          0         76   strcmp.o
        18          0          0          0          0         68   strcpy.o
        14          0          0          0          0         68   strlen.o
        30          0          0          0          0         80   strncmp.o
        32          0          0          0          0         68   strrchr.o
        36          0          0          0          0         80   strstr.o
       156         12          0          0          0        120   strtod.o
        12          0          0          0          0         68   tolower.o
        12          0          0          0          0         68   toupper.o
        44          0          0          0          0         80   uidiv.o
        98          0          0          0          0         92   uldiv.o
        48          0          0          0          0         68   cdcmple.o
        48          0          0          0          0         68   cdrcmple.o
        56          0          0          0          0         88   d2f.o
       334          0          0          0          0        148   dadd.o
       222          0          0          0          0        100   ddiv.o
       186          0          0          0          0        176   depilogue.o
        62          0          0          0          0         80   dfixi.o
        50          0          0          0          0         76   dfixui.o
        48          0          0          0          0         68   dfixul.o
        34          0          0          0          0         76   dflti.o
        26          0          0          0          0         76   dfltui.o
        24          0          0          0          0         76   dfltul.o
       228          0          0          0          0         96   dmul.o
       162          0          0          0          0        100   dsqrt.o
        38          0          0          0          0         68   f2d.o
       176          0          0          0          0        140   fadd.o
       124          0          0          0          0         88   fdiv.o
       110          0          0          0          0        168   fepilogue.o
        50          0          0          0          0         68   ffixi.o
        40          0          0          0          0         68   ffixui.o
        18          0          0          0          0         68   fflti.o
        10          0          0          0          0         68   ffltui.o
       100          0          0          0          0         76   fmul.o

    ----------------------------------------------------------------------
      7768        204         64         12          0       5480   Library Totals
        12          0          0          0          0          0   (incl. Padding)

    ----------------------------------------------------------------------

      Code (inc. data)   RO Data    RW Data    ZI Data      Debug   Library Name

       104          0          0          0          0        164   m_ws.l
      5458        204         64         12          0       3208   mc_w.l
      2194          0          0          0          0       2108   mf_w.l

    ----------------------------------------------------------------------
      7768        204         64         12          0       5480   Library Totals

    ----------------------------------------------------------------------

==============================================================================


      Code (inc. data)   RO Data    RW Data    ZI Data      Debug   

     89696      11428       8148        404      48356     521811   Grand Totals
     89696      11428       8148        148      48356     521811   ELF Image Totals (compressed)
     89696      11428       8148        148          0          0   ROM Totals

==============================================================================

    Total RO  Size (Code + RO Data)                97844 (  95.55kB)
    Total RW  Size (RW Data + ZI Data)             48760 (  47.62kB)
    Total ROM Size (Code + RO Data + RW Data)      97992 (  95.70kB)

==============================================================================

